// Jest Snapshot v1, https://goo.gl/fbAQLP

exports[`DataFilter renders 1`] = `
.c4 {
  display: inline-block;
  -webkit-flex: 0 0 auto;
  -ms-flex: 0 0 auto;
  flex: 0 0 auto;
  width: 24px;
  height: 24px;
  fill: #666666;
  stroke: #666666;
}

.c4 g {
  fill: inherit;
  stroke: inherit;
}

.c4 *:not([stroke])[fill="none"] {
  stroke-width: 0;
}

.c4 *[stroke*="#"],
.c4 *[STROKE*="#"] {
  stroke: inherit;
  fill: none;
}

.c4 *[fill-rule],
.c4 *[FILL-RULE],
.c4 *[fill*="#"],
.c4 *[FILL*="#"] {
  fill: inherit;
  stroke: none;
}

.c1 {
  display: -webkit-box;
  display: -webkit-flex;
  display: -ms-flexbox;
  display: flex;
  box-sizing: border-box;
  max-width: 100%;
  min-width: 0;
  min-height: 0;
  -webkit-flex-direction: column;
  -ms-flex-direction: column;
  flex-direction: column;
  -webkit-flex: 0 0 auto;
  -ms-flex: 0 0 auto;
  flex: 0 0 auto;
}

.c2 {
  display: -webkit-box;
  display: -webkit-flex;
  display: -ms-flexbox;
  display: flex;
  box-sizing: border-box;
  max-width: 100%;
  min-width: 0;
  min-height: 0;
  -webkit-flex-direction: row;
  -ms-flex-direction: row;
  flex-direction: row;
  -webkit-flex: 0 0 auto;
  -ms-flex: 0 0 auto;
  flex: 0 0 auto;
}

.c5 {
  -webkit-flex: 0 0 auto;
  -ms-flex: 0 0 auto;
  flex: 0 0 auto;
  -webkit-align-self: stretch;
  -ms-flex-item-align: stretch;
  align-self: stretch;
  height: 6px;
}

.c3 {
  display: inline-block;
  box-sizing: border-box;
  cursor: pointer;
  font: inherit;
  -webkit-text-decoration: none;
  text-decoration: none;
  margin: 0;
  background: transparent;
  overflow: visible;
  text-transform: none;
  color: inherit;
  outline: none;
  border: none;
  padding: 0;
  text-align: inherit;
  line-height: 0;
  padding: 12px;
}

.c3:focus {
  outline: none;
  box-shadow: 0 0 2px 2px #6FFFB0;
}

.c3:focus > circle,
.c3:focus > ellipse,
.c3:focus > line,
.c3:focus > path,
.c3:focus > polygon,
.c3:focus > polyline,
.c3:focus > rect {
  outline: none;
  box-shadow: 0 0 2px 2px #6FFFB0;
}

.c3:focus::-moz-focus-inner {
  border: 0;
}

.c3:focus:not(:focus-visible) {
  outline: none;
  box-shadow: none;
}

.c3:focus:not(:focus-visible) > circle,
.c3:focus:not(:focus-visible) > ellipse,
.c3:focus:not(:focus-visible) > line,
.c3:focus:not(:focus-visible) > path,
.c3:focus:not(:focus-visible) > polygon,
.c3:focus:not(:focus-visible) > polyline,
.c3:focus:not(:focus-visible) > rect {
  outline: none;
  box-shadow: none;
}

.c3:focus:not(:focus-visible)::-moz-focus-inner {
  border: 0;
}

.c0 {
  font-size: 18px;
  line-height: 24px;
  box-sizing: border-box;
  -webkit-text-size-adjust: 100%;
  -ms-text-size-adjust: 100%;
  -moz-osx-font-smoothing: grayscale;
  -webkit-font-smoothing: antialiased;
}

@media only screen and (max-width:768px) {
  .c5 {
    height: 3px;
  }
}

<div
  class="c0"
>
  <div
    class="c1"
  >
    <div
      class="c1"
    >
      <div
        class="c2"
      >
        <button
          aria-label="Open Drop"
          class="c3"
          type="button"
        >
          <svg
            aria-label="Filter"
            class="c4"
            viewBox="0 0 24 24"
          >
            <path
              d="m3 6 7 7v8h4v-8l7-7V3H3z"
              fill="none"
              stroke="#000"
              stroke-width="2"
            />
          </svg>
        </button>
      </div>
      <div
        class="c5"
      />
      <div
        class="c1"
      >
        2 items
      </div>
    </div>
  </div>
</div>
`;
