// Jest Snapshot v1, https://goo.gl/fbAQLP

exports[`RangeInput renders 1`] = `
.c0 {
  font-family: 'Work Sans',Arial,sans-serif;
  font-size: 1em;
  line-height: 1.5;
  color: #333333;
  background-color: #FFFFFF;
  box-sizing: border-box;
  -webkit-text-size-adjust: 100%;
  -ms-text-size-adjust: 100%;
  -moz-osx-font-smoothing: grayscale;
  -webkit-font-smoothing: antialiased;
}

.c1 {
  position: relative;
  -webkit-appearance: none;
  border-color: transparent;
  height: 24px;
  width: 100%;
  padding: 0px;
  cursor: pointer;
  overflow-x: hidden;
  background: transparent;
}

.c1:focus {
  outline: none;
}

.c1::-moz-focus-inner {
  border: none;
}

.c1::-moz-focus-outer {
  border: none;
}

.c1::-webkit-slider-runnable-track {
  width: 100%;
  height: 2px;
  background-color: rgba(51,51,51,0.2);
}

.c1::-webkit-slider-thumb {
  position: relative;
  border: 2px solid #865CD6;
  border-radius: 24px;
  height: 24px;
  width: 24px;
  overflow: visible;
  background-color: #FFFFFF;
  -webkit-appearance: none;
  cursor: pointer;
  margin-top: -11px;
}

.c1::-webkit-slider-thumb:hover {
  border-color: #000000;
}

.c1::-moz-range-track {
  width: 100%;
  height: 2px;
  background-color: rgba(51,51,51,0.2);
}

.c1::-moz-range-thumb {
  position: relative;
  border: 2px solid #865CD6;
  border-radius: 24px;
  height: 24px;
  width: 24px;
  overflow: visible;
  background-color: #FFFFFF;
  -webkit-appearance: none;
  cursor: pointer;
  margin-top: 0px;
  height: 20px;
  width: 20px;
}

.c1::-ms-thumb {
  position: relative;
  border: 2px solid #865CD6;
  border-radius: 24px;
  height: 24px;
  width: 24px;
  overflow: visible;
  background-color: #FFFFFF;
  -webkit-appearance: none;
  cursor: pointer;
  margin-top: 0px;
  height: 20px;
  width: 20px;
}

.c1:hover::-moz-range-thumb {
  border-color: #000000;
}

.c1:hover::-ms-thumb {
  border-color: #000000;
}

.c1::-ms-track {
  width: 100%;
  height: 2px;
  background-color: rgba(51,51,51,0.2);
  border-color: transparent;
  color: transparent;
}

.c1::-ms-fill-lower {
  background: rgba(51,51,51,0.2);
  border-color: transparent;
}

.c1::-ms-fill-upper {
  background: rgba(51,51,51,0.2);
  border-color: transparent;
}

<div
  className="c0"
>
  <input
    className="c1"
    onBlur={[Function]}
    onFocus={[Function]}
    onMouseDown={[Function]}
    onMouseUp={[Function]}
    type="range"
    value="50"
  />
</div>
`;
