// Jest Snapshot v1, https://goo.gl/fbAQLP

exports[`RoutedAnchor renders 1`] = `
.c0 {
  font-family: 'Work Sans',Arial,sans-serif;
  font-size: 1em;
  line-height: 1.5;
  color: #333333;
  background-color: #FFFFFF;
  box-sizing: border-box;
  -webkit-text-size-adjust: 100%;
  -ms-text-size-adjust: 100%;
  -moz-osx-font-smoothing: grayscale;
  -webkit-font-smoothing: antialiased;
}

.c1 {
  color: #865CD6;
  text-decoration: none;
  cursor: pointer;
  outline: none;
}

.c1:hover {
  text-decoration: underline;
}

<div
  className="c0"
>
  <a
    aria-label={undefined}
    className="c1"
    disabled={undefined}
    href="/"
    icon={undefined}
    label="Test"
    onBlur={[Function]}
    onClick={[Function]}
    onFocus={[Function]}
    onMouseDown={[Function]}
    onMouseUp={[Function]}
  >
    Test
  </a>
</div>
`;
