// Jest Snapshot v1, https://goo.gl/fbAQLP

exports[`Select with Form renders 1`] = `
.c12 {
  display: inline-block;
  -webkit-flex: 0 0 auto;
  -ms-flex: 0 0 auto;
  flex: 0 0 auto;
  width: 24px;
  height: 24px;
  fill: #7D4CDB;
  stroke: #7D4CDB;
}

.c12 g {
  fill: inherit;
  stroke: inherit;
}

.c12 *:not([stroke])[fill="none"] {
  stroke-width: 0;
}

.c12 *[stroke*="#"],
.c12 *[STROKE*="#"] {
  stroke: inherit;
  fill: none;
}

.c12 *[fill-rule],
.c12 *[FILL-RULE],
.c12 *[fill*="#"],
.c12 *[FILL*="#"] {
  fill: inherit;
  stroke: none;
}

.c1 {
  display: -webkit-box;
  display: -webkit-flex;
  display: -ms-flexbox;
  display: flex;
  box-sizing: border-box;
  max-width: 100%;
  margin-bottom: 12px;
  min-width: 0;
  min-height: 0;
  -webkit-flex-direction: column;
  -ms-flex-direction: column;
  flex-direction: column;
}

.c3 {
  display: -webkit-box;
  display: -webkit-flex;
  display: -ms-flexbox;
  display: flex;
  box-sizing: border-box;
  max-width: 100%;
  border-bottom: solid 1px rgba(0,0,0,0.33);
  min-width: 0;
  min-height: 0;
  -webkit-flex-direction: column;
  -ms-flex-direction: column;
  flex-direction: column;
  overflow: hidden;
}

.c4 {
  display: -webkit-box;
  display: -webkit-flex;
  display: -ms-flexbox;
  display: flex;
  box-sizing: border-box;
  max-width: 100%;
  min-width: 0;
  min-height: 0;
  -webkit-flex-direction: column;
  -ms-flex-direction: column;
  flex-direction: column;
}

.c6 {
  display: -webkit-box;
  display: -webkit-flex;
  display: -ms-flexbox;
  display: flex;
  box-sizing: border-box;
  max-width: 100%;
  -webkit-align-items: center;
  -webkit-box-align: center;
  -ms-flex-align: center;
  align-items: center;
  min-width: 0;
  min-height: 0;
  -webkit-flex-direction: row;
  -ms-flex-direction: row;
  flex-direction: row;
  -webkit-box-pack: justify;
  -webkit-justify-content: space-between;
  -ms-flex-pack: justify;
  justify-content: space-between;
}

.c7 {
  display: -webkit-box;
  display: -webkit-flex;
  display: -ms-flexbox;
  display: flex;
  box-sizing: border-box;
  min-width: 0;
  min-height: 0;
  -webkit-flex-direction: row;
  -ms-flex-direction: row;
  flex-direction: row;
  -webkit-flex: 1 1;
  -ms-flex: 1 1;
  flex: 1 1;
  -webkit-flex-basis: auto;
  -ms-flex-preferred-size: auto;
  flex-basis: auto;
}

.c11 {
  display: -webkit-box;
  display: -webkit-flex;
  display: -ms-flexbox;
  display: flex;
  box-sizing: border-box;
  max-width: 100%;
  margin-left: 12px;
  margin-right: 12px;
  min-width: 0;
  min-height: 0;
  -webkit-flex-direction: column;
  -ms-flex-direction: column;
  flex-direction: column;
  -webkit-flex: 0 0 auto;
  -ms-flex: 0 0 auto;
  flex: 0 0 auto;
}

.c5 {
  display: inline-block;
  box-sizing: border-box;
  cursor: pointer;
  font: inherit;
  -webkit-text-decoration: none;
  text-decoration: none;
  margin: 0;
  background: transparent;
  overflow: visible;
  text-transform: none;
  color: inherit;
  outline: none;
  border: none;
  padding: 0;
  text-align: inherit;
}

.c2 {
  margin-left: 12px;
  margin-right: 12px;
  margin-top: 6px;
  margin-bottom: 6px;
  font-size: 18px;
  line-height: 24px;
}

.c9 {
  box-sizing: border-box;
  font-size: inherit;
  font-family: inherit;
  border: none;
  -webkit-appearance: none;
  background: transparent;
  color: inherit;
  padding: 11px;
  font-weight: 600;
  margin: 0;
  border: 1px solid rgba(0,0,0,0.33);
  border-radius: 4px;
  width: 100%;
  outline: none;
  border: none;
}

.c9::-webkit-search-decoration {
  -webkit-appearance: none;
}

.c9::-webkit-input-placeholder {
  color: #AAAAAA;
}

.c9::-moz-placeholder {
  color: #AAAAAA;
}

.c9:-ms-input-placeholder {
  color: #AAAAAA;
}

.c9::-moz-focus-inner {
  border: none;
  outline: none;
}

.c8 {
  position: relative;
  width: 100%;
}

.c0 {
  font-size: 18px;
  line-height: 24px;
  box-sizing: border-box;
  -webkit-text-size-adjust: 100%;
  -ms-text-size-adjust: 100%;
  -moz-osx-font-smoothing: grayscale;
  -webkit-font-smoothing: antialiased;
}

.c10 {
  cursor: pointer;
}

@media only screen and (max-width:768px) {
  .c1 {
    margin-bottom: 6px;
  }
}

@media only screen and (max-width:768px) {
  .c3 {
    border-bottom: solid 1px rgba(0,0,0,0.33);
  }
}

@media only screen and (max-width:768px) {
  .c11 {
    margin-left: 6px;
    margin-right: 6px;
  }
}

<div
  class="c0"
>
  <form>
    <div
      class="c1 "
    >
      <label
        class="c2"
      >
        Select
      </label>
      <div
        class="c3 "
      >
        <div
          class="c4"
        >
          <button
            aria-label="Open Drop"
            class="c5 "
            type="button"
          >
            <div
              class="c6"
            >
              <div
                class="c7"
              >
                <div
                  class="c8"
                >
                  <input
                    autocomplete="off"
                    class="c9 c10"
                    readonly=""
                    tabindex="-1"
                    type="text"
                    value=""
                  />
                </div>
              </div>
              <div
                class="c11"
                style="min-width: auto;"
              >
                <svg
                  aria-label="FormDown"
                  class="c12"
                  viewBox="0 0 24 24"
                >
                  <polyline
                    fill="none"
                    points="18 9 12 15 6 9"
                    stroke="#000"
                    stroke-width="2"
                  />
                </svg>
              </div>
            </div>
          </button>
        </div>
      </div>
    </div>
  </form>
</div>
`;
