// Jest Snapshot v1, https://goo.gl/fbAQLP

exports[`Components loads 1`] = `
Object {
  "Anchor": [Function],
  "Box": [Function],
  "Button": [Function],
  "Chart": [Function],
  "CheckBox": [Function],
  "Clock": [Function],
  "Drop": [Function],
  "DropButton": [Function],
  "DropContainer": [Function],
  "Grid": [Function],
  "Grommet": [Function],
  "Heading": [Function],
  "Image": [Function],
  "Keyboard": [Function],
  "Layer": [Function],
  "LayerContainer": [Function],
  "Markdown": [Function],
  "Menu": [Function],
  "Meter": [Function],
  "Paragraph": [Function],
  "RadioButton": [Function],
  "RangeInput": [Function],
  "Responsive": [Function],
  "RoutedAnchor": [Function],
  "RoutedButton": [Function],
  "Select": [Function],
  "SkipLink": [Function],
  "SkipLinkTarget": [Function],
  "SkipLinks": [Function],
  "Stack": [Function],
  "Text": [Function],
  "TextArea": [Function],
  "TextInput": [Function],
  "Video": [Function],
  "__esModule": true,
}
`;
