// Jest Snapshot v1, https://goo.gl/fbAQLP

exports[`FocusedContainer blurs 1`] = `
<div
  id="container"
>
  test focused container
</div>
`;

exports[`FocusedContainer blurs 2`] = `
<div
  id="focus-trap-test"
>
  <input
    id="test"
    tabindex="-1"
  />
</div>
`;

exports[`FocusedContainer blurs 3`] = `
<div
  id="focus-trap-test"
>
  <input
    id="test"
  />
</div>
`;

exports[`FocusedContainer mounts 1`] = `
<div
  id="container"
>
  test focused container
</div>
`;

exports[`FocusedContainer mounts 2`] = `
<div
  id="focus-trap-test"
>
  <input
    id="test"
    tabindex="-1"
  />
</div>
`;

exports[`FocusedContainer mounts 3`] = `
<div
  id="container"
  hidden=""
>
  test focused container
</div>
`;

exports[`FocusedContainer mounts 4`] = `
<div
  id="focus-trap-test"
>
  <input
    id="test"
  />
</div>
`;

exports[`FocusedContainer mounts 5`] = `
<div
  id="container"
>
  test focused container
</div>
`;

exports[`FocusedContainer mounts 6`] = `
<div
  id="focus-trap-test"
>
  <input
    id="test"
    tabindex="-1"
  />
</div>
`;

exports[`FocusedContainer restrict scroll 1`] = `
<div
  id="container"
>
  test focused container
</div>
`;

exports[`FocusedContainer restrict scroll 2`] = `"hidden"`;

exports[`FocusedContainer restrict scroll 3`] = `"scroll"`;
