// Jest Snapshot v1, https://goo.gl/fbAQLP

exports[`NumberInput basic 1`] = `
.c1 {
  box-sizing: border-box;
  font-size: inherit;
  font-family: inherit;
  border: none;
  -webkit-appearance: none;
  padding: 11px;
  outline: none;
  background: transparent;
  color: inherit;
  font-weight: 600;
  margin: 0;
  border: 1px solid rgba(0,0,0,0.33);
  border-radius: 4px;
  width: 100%;
}

.c1::-webkit-search-decoration {
  -webkit-appearance: none;
}

.c1::-webkit-input-placeholder {
  color: #AAAAAA;
}

.c1::-moz-placeholder {
  color: #AAAAAA;
}

.c1:-ms-input-placeholder {
  color: #AAAAAA;
}

.c1::-moz-focus-inner {
  border: none;
  outline: none;
}

.c0 {
  position: relative;
  width: 100%;
}

<div
  class="c0"
>
  <input
    autocomplete="off"
    class="c1"
    max=""
    min=""
    name="item"
    type="number"
    value=""
  />
</div>
`;
