// Jest Snapshot v1, https://goo.gl/fbAQLP

exports[`MultiSelect Controlled should not have accessibility violations 1`] = `
.c9 {
  display: inline-block;
  -webkit-flex: 0 0 auto;
  -ms-flex: 0 0 auto;
  flex: 0 0 auto;
  width: 24px;
  height: 24px;
  fill: #7D4CDB;
  stroke: #7D4CDB;
}

.c9 g {
  fill: inherit;
  stroke: inherit;
}

.c9 *:not([stroke])[fill="none"] {
  stroke-width: 0;
}

.c9 *[stroke*="#"],
.c9 *[STROKE*="#"] {
  stroke: inherit;
  fill: none;
}

.c9 *[fill-rule],
.c9 *[FILL-RULE],
.c9 *[fill*="#"],
.c9 *[FILL*="#"] {
  fill: inherit;
  stroke: none;
}

.c3 {
  display: -webkit-box;
  display: -webkit-flex;
  display: -ms-flexbox;
  display: flex;
  box-sizing: border-box;
  max-width: 100%;
  -webkit-align-items: center;
  -webkit-box-align: center;
  -ms-flex-align: center;
  align-items: center;
  min-width: 0;
  min-height: 0;
  -webkit-flex-direction: row;
  -ms-flex-direction: row;
  flex-direction: row;
  -webkit-box-pack: justify;
  -webkit-justify-content: space-between;
  -ms-flex-pack: justify;
  justify-content: space-between;
}

.c4 {
  display: -webkit-box;
  display: -webkit-flex;
  display: -ms-flexbox;
  display: flex;
  box-sizing: border-box;
  min-width: 0;
  min-height: 0;
  -webkit-flex-direction: row;
  -ms-flex-direction: row;
  flex-direction: row;
  -webkit-flex: 1 1;
  -ms-flex: 1 1;
  flex: 1 1;
  -webkit-flex-basis: auto;
  -ms-flex-preferred-size: auto;
  flex-basis: auto;
}

.c8 {
  display: -webkit-box;
  display: -webkit-flex;
  display: -ms-flexbox;
  display: flex;
  box-sizing: border-box;
  max-width: 100%;
  -webkit-align-self: flex-start;
  -ms-flex-item-align: start;
  align-self: flex-start;
  margin-left: 12px;
  margin-right: 12px;
  min-width: 0;
  min-height: 0;
  -webkit-flex-direction: column;
  -ms-flex-direction: column;
  flex-direction: column;
  padding-top: 6px;
}

.c1 {
  display: inline-block;
  box-sizing: border-box;
  cursor: pointer;
  font: inherit;
  -webkit-text-decoration: none;
  text-decoration: none;
  margin: 0;
  background: transparent;
  overflow: visible;
  text-transform: none;
  color: inherit;
  outline: none;
  border: none;
  padding: 0;
  text-align: inherit;
}

.c1:focus {
  outline: none;
  box-shadow: 0 0 2px 2px #6FFFB0;
}

.c1:focus > circle,
.c1:focus > ellipse,
.c1:focus > line,
.c1:focus > path,
.c1:focus > polygon,
.c1:focus > polyline,
.c1:focus > rect {
  outline: none;
  box-shadow: 0 0 2px 2px #6FFFB0;
}

.c1:focus::-moz-focus-inner {
  border: 0;
}

.c1:focus:not(:focus-visible) {
  outline: none;
  box-shadow: none;
}

.c1:focus:not(:focus-visible) > circle,
.c1:focus:not(:focus-visible) > ellipse,
.c1:focus:not(:focus-visible) > line,
.c1:focus:not(:focus-visible) > path,
.c1:focus:not(:focus-visible) > polygon,
.c1:focus:not(:focus-visible) > polyline,
.c1:focus:not(:focus-visible) > rect {
  outline: none;
  box-shadow: none;
}

.c1:focus:not(:focus-visible)::-moz-focus-inner {
  border: 0;
}

.c6 {
  box-sizing: border-box;
  font-size: inherit;
  font-family: inherit;
  border: none;
  -webkit-appearance: none;
  background: transparent;
  color: inherit;
  width: 100%;
  padding: 11px;
  font-weight: 600;
  margin: 0;
  border: 1px solid rgba(0,0,0,0.33);
  border-radius: 4px;
  outline: none;
  border: none;
}

.c6::-webkit-input-placeholder {
  color: #AAAAAA;
}

.c6::-moz-placeholder {
  color: #AAAAAA;
}

.c6:-ms-input-placeholder {
  color: #AAAAAA;
}

.c6::-webkit-search-decoration {
  -webkit-appearance: none;
}

.c6::-moz-focus-inner {
  border: none;
  outline: none;
}

.c6:-moz-placeholder,
.c6::-moz-placeholder {
  opacity: 1;
}

.c5 {
  position: relative;
  width: 100%;
}

.c0 {
  font-size: 18px;
  line-height: 24px;
  box-sizing: border-box;
  -webkit-text-size-adjust: 100%;
  -ms-text-size-adjust: 100%;
  -moz-osx-font-smoothing: grayscale;
  -webkit-font-smoothing: antialiased;
}

.c7 {
  cursor: pointer;
}

.c2 {
  border: 1px solid rgba(0,0,0,0.33);
  border-radius: 4px;
}

@media only screen and (max-width:768px) {
  .c8 {
    margin-left: 6px;
    margin-right: 6px;
  }
}

@media only screen and (max-width:768px) {
  .c8 {
    padding-top: 3px;
  }
}

<div
  class="c0"
>
  <button
    aria-expanded="false"
    aria-haspopup="listbox"
    aria-label="test. 0 selected."
    class="c1 c2"
    tabindex="0"
    type="button"
  >
    <div
      class="c3"
    >
      <div
        class="c4"
      >
        <div
          class="c5"
        >
          <input
            aria-label="test"
            autocomplete="off"
            class="c6 c7"
            readonly=""
            tabindex="-1"
            type="text"
            value=""
          />
        </div>
      </div>
      <div
        class="c8"
        style="min-width: auto;"
      >
        <svg
          aria-label="FormDown"
          class="c9"
          viewBox="0 0 24 24"
        >
          <path
            d="m18 9-6 6-6-6"
            fill="none"
            stroke="#000"
            stroke-width="2"
          />
        </svg>
      </div>
    </div>
  </button>
</div>
`;
