// Jest Snapshot v1, https://goo.gl/fbAQLP

exports[`Main should have no accessibility violations 1`] = `
.c1 {
  display: -webkit-box;
  display: -webkit-flex;
  display: -ms-flexbox;
  display: flex;
  box-sizing: border-box;
  max-width: 100%;
  min-width: 0;
  min-height: 0;
  -webkit-flex-direction: column;
  -ms-flex-direction: column;
  flex-direction: column;
  -webkit-flex: 1 0 auto;
  -ms-flex: 1 0 auto;
  flex: 1 0 auto;
  height: 100%;
  overflow: auto;
}

.c1:focus:not(:focus-visible) {
  outline: none;
  box-shadow: none;
}

.c1:focus:not(:focus-visible) > circle,
.c1:focus:not(:focus-visible) > ellipse,
.c1:focus:not(:focus-visible) > line,
.c1:focus:not(:focus-visible) > path,
.c1:focus:not(:focus-visible) > polygon,
.c1:focus:not(:focus-visible) > polyline,
.c1:focus:not(:focus-visible) > rect {
  outline: none;
  box-shadow: none;
}

.c1:focus:not(:focus-visible)::-moz-focus-inner {
  border: 0;
}

.c0 {
  font-size: 18px;
  line-height: 24px;
  box-sizing: border-box;
  -webkit-text-size-adjust: 100%;
  -ms-text-size-adjust: 100%;
  -moz-osx-font-smoothing: grayscale;
  -webkit-font-smoothing: antialiased;
}

<div>
  <div
    class="c0"
  >
    <main
      class="c1"
    />
  </div>
</div>
`;
