// Jest Snapshot v1, https://goo.gl/fbAQLP

exports[`DataTable aggregate 1`] = `
.c0 {
  font-family: 'Work Sans',Arial,sans-serif;
  font-size: 1em;
  line-height: 1.5;
  color: #444444;
  box-sizing: border-box;
  -webkit-text-size-adjust: 100%;
  -ms-text-size-adjust: 100%;
  -moz-osx-font-smoothing: grayscale;
  -webkit-font-smoothing: antialiased;
}

.c5 {
  display: -webkit-box;
  display: -webkit-flex;
  display: -ms-flexbox;
  display: flex;
  box-sizing: border-box;
  outline: none;
  max-width: 100%;
  background-color: #F6F6F6;
  color: #444444;
  border-bottom: solid 2px rgba(0,0,0,0.33);
  min-width: 0;
  min-height: 0;
  -webkit-flex-direction: column;
  -ms-flex-direction: column;
  flex-direction: column;
  width: 100%;
  height: 100%;
  -webkit-box-pack: center;
  -webkit-justify-content: center;
  -ms-flex-pack: center;
  justify-content: center;
  margin: 0;
  padding-left: 12px;
  padding-right: 12px;
  padding-top: 6px;
  padding-bottom: 6px;
}

.c10 {
  display: -webkit-box;
  display: -webkit-flex;
  display: -ms-flexbox;
  display: flex;
  box-sizing: border-box;
  outline: none;
  max-width: 100%;
  min-width: 0;
  min-height: 0;
  -webkit-flex-direction: row;
  -ms-flex-direction: row;
  flex-direction: row;
  height: 100%;
  margin: 0;
  padding-left: 12px;
  padding-right: 12px;
  padding-top: 6px;
  padding-bottom: 6px;
}

.c12 {
  display: -webkit-box;
  display: -webkit-flex;
  display: -ms-flexbox;
  display: flex;
  box-sizing: border-box;
  outline: none;
  max-width: 100%;
  border-top: solid 2px rgba(0,0,0,0.33);
  min-width: 0;
  min-height: 0;
  -webkit-flex-direction: row;
  -ms-flex-direction: row;
  flex-direction: row;
  height: 100%;
  margin: 0;
  padding-left: 12px;
  padding-right: 12px;
  padding-top: 6px;
  padding-bottom: 6px;
}

.c9 {
  margin: 0;
  padding: 0;
  font-weight: inherit;
  text-align: inherit;
  height: inherit;
  vertical-align: top;
}

.c6 {
  font-size: 16px;
  line-height: 1.375;
}

.c1 {
  border-spacing: 0;
  border-collapse: collapse;
  height: 100%;
}

.c3 {
  height: 100%;
}

.c8 {
  height: 100%;
}

.c2 {
  height: 100%;
}

.c11 {
  height: 100%;
}

.c4 {
  margin: 0;
  padding: 0;
  font-weight: inherit;
  text-align: inherit;
  height: inherit;
  vertical-align: bottom;
}

.c7 {
  margin: 0;
  padding: 0;
  font-weight: inherit;
  text-align: inherit;
  height: inherit;
  vertical-align: bottom;
}

@media only screen and (max-width:699px) {
  .c5 {
    border-bottom: solid 2px rgba(0,0,0,0.33);
  }
}

@media only screen and (max-width:699px) {
  .c5 {
    margin: 0;
  }
}

@media only screen and (max-width:699px) {
  .c5 {
    padding-left: 6px;
    padding-right: 6px;
  }
}

@media only screen and (max-width:699px) {
  .c5 {
    padding-top: 3px;
    padding-bottom: 3px;
  }
}

@media only screen and (max-width:699px) {
  .c10 {
    margin: 0;
  }
}

@media only screen and (max-width:699px) {
  .c10 {
    padding-left: 6px;
    padding-right: 6px;
  }
}

@media only screen and (max-width:699px) {
  .c10 {
    padding-top: 3px;
    padding-bottom: 3px;
  }
}

@media only screen and (max-width:699px) {
  .c12 {
    border-top: solid 2px rgba(0,0,0,0.33);
  }
}

@media only screen and (max-width:699px) {
  .c12 {
    margin: 0;
  }
}

@media only screen and (max-width:699px) {
  .c12 {
    padding-left: 6px;
    padding-right: 6px;
  }
}

@media only screen and (max-width:699px) {
  .c12 {
    padding-top: 3px;
    padding-bottom: 3px;
  }
}

<div
  className="c0"
>
  <table
    className="c1"
  >
    <thead
      className="c2"
    >
      <tr
        className="c3"
      >
        <th
          className="c4"
          scope="col"
        >
          <div
            className="c5"
          >
            <span
              className="c6"
            >
              A
            </span>
          </div>
        </th>
        <th
          className="c7"
          scope="col"
        >
          <div
            className="c5"
          >
            <span
              className="c6"
            >
              B
            </span>
          </div>
        </th>
      </tr>
    </thead>
    <tbody
      className="c8"
    >
      <tr
        className="c3"
      >
        <td
          className="c9"
        >
          <div
            className="c10"
          >
            <span
              className="c6"
            >
              one
            </span>
          </div>
        </td>
        <td
          className="c9"
        >
          <div
            className="c10"
          >
            <span
              className="c6"
            >
              1
            </span>
          </div>
        </td>
      </tr>
      <tr
        className="c3"
      >
        <td
          className="c9"
        >
          <div
            className="c10"
          >
            <span
              className="c6"
            >
              two
            </span>
          </div>
        </td>
        <td
          className="c9"
        >
          <div
            className="c10"
          >
            <span
              className="c6"
            >
              2
            </span>
          </div>
        </td>
      </tr>
    </tbody>
    <tfoot
      className="c11"
    >
      <tr
        className=""
      >
        <td
          className="c9"
        >
          <div
            className="c12"
          />
        </td>
        <td
          className="c9"
        >
          <div
            className="c12"
          >
            <span
              className="c6"
            >
              3
            </span>
          </div>
        </td>
      </tr>
    </tfoot>
  </table>
</div>
`;

exports[`DataTable basic 1`] = `
.c0 {
  font-family: 'Work Sans',Arial,sans-serif;
  font-size: 1em;
  line-height: 1.5;
  color: #444444;
  box-sizing: border-box;
  -webkit-text-size-adjust: 100%;
  -ms-text-size-adjust: 100%;
  -moz-osx-font-smoothing: grayscale;
  -webkit-font-smoothing: antialiased;
}

.c5 {
  display: -webkit-box;
  display: -webkit-flex;
  display: -ms-flexbox;
  display: flex;
  box-sizing: border-box;
  outline: none;
  max-width: 100%;
  background-color: #F6F6F6;
  color: #444444;
  border-bottom: solid 2px rgba(0,0,0,0.33);
  min-width: 0;
  min-height: 0;
  -webkit-flex-direction: column;
  -ms-flex-direction: column;
  flex-direction: column;
  width: 100%;
  height: 100%;
  -webkit-box-pack: center;
  -webkit-justify-content: center;
  -ms-flex-pack: center;
  justify-content: center;
  margin: 0;
  padding-left: 12px;
  padding-right: 12px;
  padding-top: 6px;
  padding-bottom: 6px;
}

.c10 {
  display: -webkit-box;
  display: -webkit-flex;
  display: -ms-flexbox;
  display: flex;
  box-sizing: border-box;
  outline: none;
  max-width: 100%;
  min-width: 0;
  min-height: 0;
  -webkit-flex-direction: row;
  -ms-flex-direction: row;
  flex-direction: row;
  height: 100%;
  margin: 0;
  padding-left: 12px;
  padding-right: 12px;
  padding-top: 6px;
  padding-bottom: 6px;
}

.c9 {
  margin: 0;
  padding: 0;
  font-weight: inherit;
  text-align: inherit;
  height: inherit;
  vertical-align: top;
}

.c6 {
  font-size: 16px;
  line-height: 1.375;
}

.c1 {
  border-spacing: 0;
  border-collapse: collapse;
  height: 100%;
}

.c3 {
  height: 100%;
}

.c8 {
  height: 100%;
}

.c2 {
  height: 100%;
}

.c4 {
  margin: 0;
  padding: 0;
  font-weight: inherit;
  text-align: inherit;
  height: inherit;
  vertical-align: bottom;
}

.c7 {
  margin: 0;
  padding: 0;
  font-weight: inherit;
  text-align: inherit;
  height: inherit;
  vertical-align: bottom;
}

@media only screen and (max-width:699px) {
  .c5 {
    border-bottom: solid 2px rgba(0,0,0,0.33);
  }
}

@media only screen and (max-width:699px) {
  .c5 {
    margin: 0;
  }
}

@media only screen and (max-width:699px) {
  .c5 {
    padding-left: 6px;
    padding-right: 6px;
  }
}

@media only screen and (max-width:699px) {
  .c5 {
    padding-top: 3px;
    padding-bottom: 3px;
  }
}

@media only screen and (max-width:699px) {
  .c10 {
    margin: 0;
  }
}

@media only screen and (max-width:699px) {
  .c10 {
    padding-left: 6px;
    padding-right: 6px;
  }
}

@media only screen and (max-width:699px) {
  .c10 {
    padding-top: 3px;
    padding-bottom: 3px;
  }
}

<div
  className="c0"
>
  <table
    className="c1"
  >
    <thead
      className="c2"
    >
      <tr
        className="c3"
      >
        <th
          className="c4"
          scope="col"
        >
          <div
            className="c5"
          >
            <span
              className="c6"
            >
              A
            </span>
          </div>
        </th>
        <th
          className="c7"
          scope="col"
        >
          <div
            className="c5"
          >
            <span
              className="c6"
            >
              B
            </span>
          </div>
        </th>
      </tr>
    </thead>
    <tbody
      className="c8"
    >
      <tr
        className="c3"
      >
        <td
          className="c9"
        >
          <div
            className="c10"
          >
            <span
              className="c6"
            >
              one
            </span>
          </div>
        </td>
        <td
          className="c9"
        >
          <div
            className="c10"
          >
            <span
              className="c6"
            >
              1
            </span>
          </div>
        </td>
      </tr>
      <tr
        className="c3"
      >
        <td
          className="c9"
        >
          <div
            className="c10"
          >
            <span
              className="c6"
            >
              two
            </span>
          </div>
        </td>
        <td
          className="c9"
        >
          <div
            className="c10"
          >
            <span
              className="c6"
            >
              2
            </span>
          </div>
        </td>
      </tr>
    </tbody>
  </table>
</div>
`;

exports[`DataTable empty 1`] = `
.c0 {
  font-family: 'Work Sans',Arial,sans-serif;
  font-size: 1em;
  line-height: 1.5;
  color: #444444;
  box-sizing: border-box;
  -webkit-text-size-adjust: 100%;
  -ms-text-size-adjust: 100%;
  -moz-osx-font-smoothing: grayscale;
  -webkit-font-smoothing: antialiased;
}

.c1 {
  border-spacing: 0;
  border-collapse: collapse;
  height: 100%;
}

.c3 {
  height: 100%;
}

.c4 {
  height: 100%;
}

.c2 {
  height: 100%;
}

<div
  className="c0"
>
  <table
    className="c1"
  >
    <thead
      className="c2"
    >
      <tr
        className="c3"
      />
    </thead>
    <tbody
      className="c4"
    />
  </table>
</div>
`;

exports[`DataTable footer 1`] = `
.c0 {
  font-family: 'Work Sans',Arial,sans-serif;
  font-size: 1em;
  line-height: 1.5;
  color: #444444;
  box-sizing: border-box;
  -webkit-text-size-adjust: 100%;
  -ms-text-size-adjust: 100%;
  -moz-osx-font-smoothing: grayscale;
  -webkit-font-smoothing: antialiased;
}

.c5 {
  display: -webkit-box;
  display: -webkit-flex;
  display: -ms-flexbox;
  display: flex;
  box-sizing: border-box;
  outline: none;
  max-width: 100%;
  background-color: #F6F6F6;
  color: #444444;
  border-bottom: solid 2px rgba(0,0,0,0.33);
  min-width: 0;
  min-height: 0;
  -webkit-flex-direction: column;
  -ms-flex-direction: column;
  flex-direction: column;
  width: 100%;
  height: 100%;
  -webkit-box-pack: center;
  -webkit-justify-content: center;
  -ms-flex-pack: center;
  justify-content: center;
  margin: 0;
  padding-left: 12px;
  padding-right: 12px;
  padding-top: 6px;
  padding-bottom: 6px;
}

.c10 {
  display: -webkit-box;
  display: -webkit-flex;
  display: -ms-flexbox;
  display: flex;
  box-sizing: border-box;
  outline: none;
  max-width: 100%;
  min-width: 0;
  min-height: 0;
  -webkit-flex-direction: row;
  -ms-flex-direction: row;
  flex-direction: row;
  height: 100%;
  margin: 0;
  padding-left: 12px;
  padding-right: 12px;
  padding-top: 6px;
  padding-bottom: 6px;
}

.c12 {
  display: -webkit-box;
  display: -webkit-flex;
  display: -ms-flexbox;
  display: flex;
  box-sizing: border-box;
  outline: none;
  max-width: 100%;
  border-top: solid 2px rgba(0,0,0,0.33);
  min-width: 0;
  min-height: 0;
  -webkit-flex-direction: row;
  -ms-flex-direction: row;
  flex-direction: row;
  height: 100%;
  margin: 0;
  padding-left: 12px;
  padding-right: 12px;
  padding-top: 6px;
  padding-bottom: 6px;
}

.c9 {
  margin: 0;
  padding: 0;
  font-weight: inherit;
  text-align: inherit;
  height: inherit;
  vertical-align: top;
}

.c6 {
  font-size: 16px;
  line-height: 1.375;
}

.c1 {
  border-spacing: 0;
  border-collapse: collapse;
  height: 100%;
}

.c3 {
  height: 100%;
}

.c8 {
  height: 100%;
}

.c2 {
  height: 100%;
}

.c11 {
  height: 100%;
}

.c4 {
  margin: 0;
  padding: 0;
  font-weight: inherit;
  text-align: inherit;
  height: inherit;
  vertical-align: bottom;
}

.c7 {
  margin: 0;
  padding: 0;
  font-weight: inherit;
  text-align: inherit;
  height: inherit;
  vertical-align: bottom;
}

@media only screen and (max-width:699px) {
  .c5 {
    border-bottom: solid 2px rgba(0,0,0,0.33);
  }
}

@media only screen and (max-width:699px) {
  .c5 {
    margin: 0;
  }
}

@media only screen and (max-width:699px) {
  .c5 {
    padding-left: 6px;
    padding-right: 6px;
  }
}

@media only screen and (max-width:699px) {
  .c5 {
    padding-top: 3px;
    padding-bottom: 3px;
  }
}

@media only screen and (max-width:699px) {
  .c10 {
    margin: 0;
  }
}

@media only screen and (max-width:699px) {
  .c10 {
    padding-left: 6px;
    padding-right: 6px;
  }
}

@media only screen and (max-width:699px) {
  .c10 {
    padding-top: 3px;
    padding-bottom: 3px;
  }
}

@media only screen and (max-width:699px) {
  .c12 {
    border-top: solid 2px rgba(0,0,0,0.33);
  }
}

@media only screen and (max-width:699px) {
  .c12 {
    margin: 0;
  }
}

@media only screen and (max-width:699px) {
  .c12 {
    padding-left: 6px;
    padding-right: 6px;
  }
}

@media only screen and (max-width:699px) {
  .c12 {
    padding-top: 3px;
    padding-bottom: 3px;
  }
}

<div
  className="c0"
>
  <table
    className="c1"
  >
    <thead
      className="c2"
    >
      <tr
        className="c3"
      >
        <th
          className="c4"
          scope="col"
        >
          <div
            className="c5"
          >
            <span
              className="c6"
            >
              A
            </span>
          </div>
        </th>
        <th
          className="c7"
          scope="col"
        >
          <div
            className="c5"
          >
            <span
              className="c6"
            >
              B
            </span>
          </div>
        </th>
      </tr>
    </thead>
    <tbody
      className="c8"
    >
      <tr
        className="c3"
      >
        <td
          className="c9"
        >
          <div
            className="c10"
          >
            <span
              className="c6"
            >
              one
            </span>
          </div>
        </td>
        <td
          className="c9"
        >
          <div
            className="c10"
          >
            <span
              className="c6"
            >
              1
            </span>
          </div>
        </td>
      </tr>
      <tr
        className="c3"
      >
        <td
          className="c9"
        >
          <div
            className="c10"
          >
            <span
              className="c6"
            >
              two
            </span>
          </div>
        </td>
        <td
          className="c9"
        >
          <div
            className="c10"
          >
            <span
              className="c6"
            >
              2
            </span>
          </div>
        </td>
      </tr>
    </tbody>
    <tfoot
      className="c11"
    >
      <tr
        className=""
      >
        <td
          className="c9"
        >
          <div
            className="c12"
          >
            <span
              className="c6"
            >
              Total
            </span>
          </div>
        </td>
        <td
          className="c9"
        >
          <div
            className="c12"
          />
        </td>
      </tr>
    </tfoot>
  </table>
</div>
`;

exports[`DataTable groupBy 1`] = `
<div
  class="StyledGrommet-gKbdxL iuxDFS"
>
  <table
    class="StyledDataTable-IgJCp kyMnvB"
  >
    <thead
      class="StyledDataTable__StyledDataTableHeader-hWAKAt zoKXF"
    >
      <tr
        class="StyledDataTable__StyledDataTableRow-cYyilN dfMfvR"
      >
        <td
          class="StyledTable__StyledTableCell-KsYQQ cUbIUQ"
        >
          <button
            aria-label="expand"
            class="StyledButton-qbvYY jYTBlN"
            type="button"
          >
            <div
              class="StyledBox-YaZNy fNxxsV"
            >
              <svg
                aria-label="FormDown"
                class="StyledIcon-hcpUvT cTFqgz"
                color="border"
                height="24px"
                role="img"
                version="1.1"
                viewBox="0 0 24 24"
                width="24px"
              >
                <polyline
                  fill="none"
                  points="18 9 12 15 6 9"
                  stroke="#000"
                  stroke-width="2"
                />
              </svg>
            </div>
          </button>
        </td>
        <th
          class="StyledTable__StyledTableCell-lbpJOV kOARIO"
          scope="col"
        >
          <div
            class="StyledBox-YaZNy LxudF"
          >
            <span
              class="StyledText-dmaDlZ iiuQkH"
            >
              A
            </span>
          </div>
        </th>
        <th
          class="StyledTable__StyledTableCell-gxerXr fCKcls"
          scope="col"
        >
          <div
            class="StyledBox-YaZNy LxudF"
          >
            <span
              class="StyledText-dmaDlZ iiuQkH"
            >
              B
            </span>
          </div>
        </th>
      </tr>
    </thead>
    <tbody
      class="StyledDataTable__StyledDataTableBody-bnfSpy kzjjnd"
    >
      <tr
        class="StyledDataTable__StyledDataTableRow-cYyilN dfMfvR"
      >
        <td
          class="StyledTable__StyledTableCell-KsYQQ cUbIUQ"
        >
          <button
            aria-label="expand"
            class="StyledButton-qbvYY jYTBlN"
            type="button"
          >
            <div
              class="StyledBox-YaZNy epERTU"
            >
              <svg
                aria-label="FormDown"
                class="StyledIcon-hcpUvT cTFqgz"
                color="border"
                height="24px"
                role="img"
                version="1.1"
                viewBox="0 0 24 24"
                width="24px"
              >
                <polyline
                  fill="none"
                  points="18 9 12 15 6 9"
                  stroke="#000"
                  stroke-width="2"
                />
              </svg>
            </div>
          </button>
        </td>
        <th
          class="StyledTable__StyledTableCell-gXoyl cpOwyG"
          scope="row"
        >
          <div
            class="StyledBox-YaZNy gQDcEP"
          >
            <span
              class="StyledText-dmaDlZ iiuQkH"
            >
              one
            </span>
          </div>
        </th>
        <td
          class="StyledTable__StyledTableCell-KsYQQ cldKKw"
        >
          <div
            class="StyledBox-YaZNy gQDcEP"
          />
        </td>
      </tr>
      <tr
        class="StyledDataTable__StyledDataTableRow-cYyilN dfMfvR"
      >
        <td
          class="StyledTable__StyledTableCell-KsYQQ cUbIUQ"
        >
          <button
            aria-label="expand"
            class="StyledButton-qbvYY jYTBlN"
            type="button"
          >
            <div
              class="StyledBox-YaZNy epERTU"
            >
              <svg
                aria-label="FormDown"
                class="StyledIcon-hcpUvT cTFqgz"
                color="border"
                height="24px"
                role="img"
                version="1.1"
                viewBox="0 0 24 24"
                width="24px"
              >
                <polyline
                  fill="none"
                  points="18 9 12 15 6 9"
                  stroke="#000"
                  stroke-width="2"
                />
              </svg>
            </div>
          </button>
        </td>
        <th
          class="StyledTable__StyledTableCell-hwKlLZ fVYtGJ"
          scope="row"
        >
          <div
            class="StyledBox-YaZNy gQDcEP"
          >
            <span
              class="StyledText-dmaDlZ iiuQkH"
            >
              two
            </span>
          </div>
        </th>
        <td
          class="StyledTable__StyledTableCell-KsYQQ cldKKw"
        >
          <div
            class="StyledBox-YaZNy gQDcEP"
          />
        </td>
      </tr>
    </tbody>
  </table>
</div>
`;

exports[`DataTable groupBy 2`] = `
<div
  class="StyledGrommet-gKbdxL iuxDFS"
>
  <table
    class="StyledDataTable-IgJCp kyMnvB"
  >
    <thead
      class="StyledDataTable__StyledDataTableHeader-hWAKAt zoKXF"
    >
      <tr
        class="StyledDataTable__StyledDataTableRow-cYyilN dfMfvR"
      >
        <td
          class="StyledTable__StyledTableCell-KsYQQ cUbIUQ"
        >
          <button
            aria-label="expand"
            class="StyledButton-qbvYY jYTBlN"
            type="button"
          >
            <div
              class="StyledBox-YaZNy fNxxsV"
            >
              <svg
                aria-label="FormDown"
                class="StyledIcon-hcpUvT cTFqgz"
                color="border"
                height="24px"
                role="img"
                version="1.1"
                viewBox="0 0 24 24"
                width="24px"
              >
                <polyline
                  fill="none"
                  points="18 9 12 15 6 9"
                  stroke="#000"
                  stroke-width="2"
                />
              </svg>
            </div>
          </button>
        </td>
        <th
          class="StyledTable__StyledTableCell-lbpJOV kOARIO"
          scope="col"
        >
          <div
            class="StyledBox-YaZNy LxudF"
          >
            <span
              class="StyledText-dmaDlZ iiuQkH"
            >
              A
            </span>
          </div>
        </th>
        <th
          class="StyledTable__StyledTableCell-gxerXr fCKcls"
          scope="col"
        >
          <div
            class="StyledBox-YaZNy LxudF"
          >
            <span
              class="StyledText-dmaDlZ iiuQkH"
            >
              B
            </span>
          </div>
        </th>
      </tr>
    </thead>
    <tbody
      class="StyledDataTable__StyledDataTableBody-bnfSpy kzjjnd"
    >
      <tr
        class="StyledDataTable__StyledDataTableRow-cYyilN dfMfvR"
      >
        <td
          class="StyledTable__StyledTableCell-KsYQQ cUbIUQ"
        >
          <button
            aria-label="expand"
            class="StyledButton-qbvYY jYTBlN"
            type="button"
          >
            <div
              class="StyledBox-YaZNy epERTU"
            >
              <svg
                aria-label="FormDown"
                class="StyledIcon-hcpUvT cTFqgz"
                color="border"
                height="24px"
                role="img"
                version="1.1"
                viewBox="0 0 24 24"
                width="24px"
              >
                <polyline
                  fill="none"
                  points="18 9 12 15 6 9"
                  stroke="#000"
                  stroke-width="2"
                />
              </svg>
            </div>
          </button>
        </td>
        <th
          class="StyledTable__StyledTableCell-gXoyl cpOwyG"
          scope="row"
        >
          <div
            class="StyledBox-YaZNy gQDcEP"
          >
            <span
              class="StyledText-dmaDlZ iiuQkH"
            >
              one
            </span>
          </div>
        </th>
        <td
          class="StyledTable__StyledTableCell-KsYQQ cldKKw"
        >
          <div
            class="StyledBox-YaZNy gQDcEP"
          />
        </td>
      </tr>
      <tr
        class="StyledDataTable__StyledDataTableRow-cYyilN dfMfvR"
      >
        <td
          class="StyledTable__StyledTableCell-KsYQQ cUbIUQ"
        >
          <button
            aria-label="expand"
            class="StyledButton-qbvYY jYTBlN"
            type="button"
          >
            <div
              class="StyledBox-YaZNy epERTU"
            >
              <svg
                aria-label="FormDown"
                class="StyledIcon-hcpUvT cTFqgz"
                color="border"
                height="24px"
                role="img"
                version="1.1"
                viewBox="0 0 24 24"
                width="24px"
              >
                <polyline
                  fill="none"
                  points="18 9 12 15 6 9"
                  stroke="#000"
                  stroke-width="2"
                />
              </svg>
            </div>
          </button>
        </td>
        <th
          class="StyledTable__StyledTableCell-hwKlLZ fVYtGJ"
          scope="row"
        >
          <div
            class="StyledBox-YaZNy gQDcEP"
          >
            <span
              class="StyledText-dmaDlZ iiuQkH"
            >
              two
            </span>
          </div>
        </th>
        <td
          class="StyledTable__StyledTableCell-KsYQQ cldKKw"
        >
          <div
            class="StyledBox-YaZNy gQDcEP"
          />
        </td>
      </tr>
    </tbody>
  </table>
</div>
`;

exports[`DataTable resizeable 1`] = `
.c0 {
  font-family: 'Work Sans',Arial,sans-serif;
  font-size: 1em;
  line-height: 1.5;
  color: #444444;
  box-sizing: border-box;
  -webkit-text-size-adjust: 100%;
  -ms-text-size-adjust: 100%;
  -moz-osx-font-smoothing: grayscale;
  -webkit-font-smoothing: antialiased;
}

.c6 {
  display: -webkit-box;
  display: -webkit-flex;
  display: -ms-flexbox;
  display: flex;
  box-sizing: border-box;
  outline: none;
  max-width: 100%;
  background-color: #F6F6F6;
  color: #444444;
  border-bottom: solid 2px rgba(0,0,0,0.33);
  min-width: 0;
  min-height: 0;
  -webkit-flex-direction: column;
  -ms-flex-direction: column;
  flex-direction: column;
  width: 100%;
  height: 100%;
  -webkit-box-pack: center;
  -webkit-justify-content: center;
  -ms-flex-pack: center;
  justify-content: center;
  margin: 0;
  padding-left: 12px;
  padding-right: 12px;
  padding-top: 6px;
  padding-bottom: 6px;
}

.c13 {
  display: -webkit-box;
  display: -webkit-flex;
  display: -ms-flexbox;
  display: flex;
  box-sizing: border-box;
  outline: none;
  max-width: 100%;
  min-width: 0;
  min-height: 0;
  -webkit-flex-direction: row;
  -ms-flex-direction: row;
  flex-direction: row;
  height: 100%;
  margin: 0;
  padding-left: 12px;
  padding-right: 12px;
  padding-top: 6px;
  padding-bottom: 6px;
}

.c5 {
  display: -webkit-box;
  display: -webkit-flex;
  display: -ms-flexbox;
  display: flex;
  box-sizing: border-box;
  outline: none;
  max-width: 100%;
  min-width: 0;
  min-height: 0;
  -webkit-flex-direction: row;
  -ms-flex-direction: row;
  flex-direction: row;
  width: 100%;
  height: 100%;
  margin: 0;
  padding: 0;
}

.c9 {
  display: -webkit-box;
  display: -webkit-flex;
  display: -ms-flexbox;
  display: flex;
  box-sizing: border-box;
  outline: none;
  max-width: 100%;
  border-right: solid 1px rgba(0,0,0,0.33);
  min-width: 0;
  min-height: 0;
  -webkit-flex-direction: column;
  -ms-flex-direction: column;
  flex-direction: column;
  -webkit-flex: 0 0 auto;
  -ms-flex: 0 0 auto;
  flex: 0 0 auto;
  margin: 0;
  padding: 0;
}

.c12 {
  margin: 0;
  padding: 0;
  font-weight: inherit;
  text-align: inherit;
  height: inherit;
  vertical-align: top;
}

.c7 {
  font-size: 16px;
  line-height: 1.375;
}

.c8 {
  cursor: col-resize;
}

.c1 {
  border-spacing: 0;
  border-collapse: collapse;
  height: 100%;
}

.c3 {
  height: 100%;
}

.c11 {
  height: 100%;
}

.c2 {
  height: 100%;
}

.c4 {
  margin: 0;
  padding: 0;
  font-weight: inherit;
  text-align: inherit;
  height: inherit;
  vertical-align: bottom;
}

.c10 {
  margin: 0;
  padding: 0;
  font-weight: inherit;
  text-align: inherit;
  height: inherit;
  vertical-align: bottom;
}

@media only screen and (max-width:699px) {
  .c6 {
    border-bottom: solid 2px rgba(0,0,0,0.33);
  }
}

@media only screen and (max-width:699px) {
  .c6 {
    margin: 0;
  }
}

@media only screen and (max-width:699px) {
  .c6 {
    padding-left: 6px;
    padding-right: 6px;
  }
}

@media only screen and (max-width:699px) {
  .c6 {
    padding-top: 3px;
    padding-bottom: 3px;
  }
}

@media only screen and (max-width:699px) {
  .c13 {
    margin: 0;
  }
}

@media only screen and (max-width:699px) {
  .c13 {
    padding-left: 6px;
    padding-right: 6px;
  }
}

@media only screen and (max-width:699px) {
  .c13 {
    padding-top: 3px;
    padding-bottom: 3px;
  }
}

@media only screen and (max-width:699px) {
  .c5 {
    margin: 0;
  }
}

@media only screen and (max-width:699px) {
  .c5 {
    padding: 0;
  }
}

@media only screen and (max-width:699px) {
  .c9 {
    border-right: solid 1px rgba(0,0,0,0.33);
  }
}

@media only screen and (max-width:699px) {
  .c9 {
    margin: 0;
  }
}

@media only screen and (max-width:699px) {
  .c9 {
    padding: 0;
  }
}

<div
  className="c0"
>
  <table
    className="c1"
  >
    <thead
      className="c2"
    >
      <tr
        className="c3"
      >
        <th
          className="c4"
          scope="col"
        >
          <div
            className="c5"
          >
            <div
              className="c6"
            >
              <span
                className="c7"
              >
                A
              </span>
            </div>
            <div
              className="c8 c9"
              onMouseDown={[Function]}
            />
          </div>
        </th>
        <th
          className="c10"
          scope="col"
        >
          <div
            className="c5"
          >
            <div
              className="c6"
            >
              <span
                className="c7"
              >
                B
              </span>
            </div>
            <div
              className="c8 c9"
              onMouseDown={[Function]}
            />
          </div>
        </th>
      </tr>
    </thead>
    <tbody
      className="c11"
    >
      <tr
        className="c3"
      >
        <td
          className="c12"
        >
          <div
            className="c13"
          >
            <span
              className="c7"
            >
              one
            </span>
          </div>
        </td>
        <td
          className="c12"
        >
          <div
            className="c13"
          >
            <span
              className="c7"
            >
              1
            </span>
          </div>
        </td>
      </tr>
      <tr
        className="c3"
      >
        <td
          className="c12"
        >
          <div
            className="c13"
          >
            <span
              className="c7"
            >
              two
            </span>
          </div>
        </td>
        <td
          className="c12"
        >
          <div
            className="c13"
          >
            <span
              className="c7"
            >
              2
            </span>
          </div>
        </td>
      </tr>
    </tbody>
  </table>
</div>
`;

exports[`DataTable sort 1`] = `
<div
  class="StyledGrommet-gKbdxL iuxDFS"
>
  <table
    class="StyledDataTable-IgJCp kyMnvB"
  >
    <thead
      class="StyledDataTable__StyledDataTableHeader-hWAKAt zoKXF"
    >
      <tr
        class="StyledDataTable__StyledDataTableRow-cYyilN dfMfvR"
      >
        <th
          class="StyledTable__StyledTableCell-hvERU jtNqmJ"
          scope="col"
        >
          <button
            class="Sorter__SorterButton-hLSXcM iMMGVc StyledButton-qbvYY jYTBlN"
            type="button"
          >
            <div
              class="StyledBox-YaZNy fQnrnu"
            >
              <span
                class="StyledText-dmaDlZ iiuQkH"
              >
                A
              </span>
            </div>
          </button>
        </th>
        <th
          class="StyledTable__StyledTableCell-jGOvXo nrWSA"
          scope="col"
        >
          <button
            class="Sorter__SorterButton-hLSXcM iMMGVc StyledButton-qbvYY jYTBlN"
            type="button"
          >
            <div
              class="StyledBox-YaZNy fQnrnu"
            >
              <span
                class="StyledText-dmaDlZ iiuQkH"
              >
                B
              </span>
            </div>
          </button>
        </th>
      </tr>
    </thead>
    <tbody
      class="StyledDataTable__StyledDataTableBody-bnfSpy kzjjnd"
    >
      <tr
        class="StyledDataTable__StyledDataTableRow-cYyilN dfMfvR"
      >
        <td
          class="StyledTable__StyledTableCell-KsYQQ cldKKw"
        >
          <div
            class="StyledBox-YaZNy gQDcEP"
          >
            <span
              class="StyledText-dmaDlZ iiuQkH"
            >
              zero
            </span>
          </div>
        </td>
        <td
          class="StyledTable__StyledTableCell-KsYQQ cldKKw"
        >
          <div
            class="StyledBox-YaZNy gQDcEP"
          />
        </td>
      </tr>
      <tr
        class="StyledDataTable__StyledDataTableRow-cYyilN dfMfvR"
      >
        <td
          class="StyledTable__StyledTableCell-KsYQQ cldKKw"
        >
          <div
            class="StyledBox-YaZNy gQDcEP"
          >
            <span
              class="StyledText-dmaDlZ iiuQkH"
            >
              one
            </span>
          </div>
        </td>
        <td
          class="StyledTable__StyledTableCell-KsYQQ cldKKw"
        >
          <div
            class="StyledBox-YaZNy gQDcEP"
          >
            <span
              class="StyledText-dmaDlZ iiuQkH"
            >
              1
            </span>
          </div>
        </td>
      </tr>
      <tr
        class="StyledDataTable__StyledDataTableRow-cYyilN dfMfvR"
      >
        <td
          class="StyledTable__StyledTableCell-KsYQQ cldKKw"
        >
          <div
            class="StyledBox-YaZNy gQDcEP"
          >
            <span
              class="StyledText-dmaDlZ iiuQkH"
            >
              two
            </span>
          </div>
        </td>
        <td
          class="StyledTable__StyledTableCell-KsYQQ cldKKw"
        >
          <div
            class="StyledBox-YaZNy gQDcEP"
          >
            <span
              class="StyledText-dmaDlZ iiuQkH"
            >
              2
            </span>
          </div>
        </td>
      </tr>
    </tbody>
  </table>
</div>
`;

exports[`DataTable sort 2`] = `
<div
  class="StyledGrommet-gKbdxL iuxDFS"
>
  <table
    class="StyledDataTable-IgJCp kyMnvB"
  >
    <thead
      class="StyledDataTable__StyledDataTableHeader-hWAKAt zoKXF"
    >
      <tr
        class="StyledDataTable__StyledDataTableRow-cYyilN dfMfvR"
      >
        <th
          class="StyledTable__StyledTableCell-jCdKZQ kMLoGk"
          scope="col"
        >
          <button
            class="Sorter__SorterButton-hLSXcM iMMGVc StyledButton-qbvYY jYTBlN"
            type="button"
          >
            <div
              class="StyledBox-YaZNy fQnrnu"
            >
              <span
                class="StyledText-dmaDlZ iiuQkH"
              >
                A
              </span>
              <div
                class="StyledBox__StyledBoxGap-eHDBek cXBKdA"
              />
              <svg
                aria-label="FormDown"
                class="StyledIcon-hcpUvT fAeuhQ"
                height="24px"
                role="img"
                version="1.1"
                viewBox="0 0 24 24"
                width="24px"
              >
                <polyline
                  fill="none"
                  points="18 9 12 15 6 9"
                  stroke="#000"
                  stroke-width="2"
                />
              </svg>
            </div>
          </button>
        </th>
        <th
          class="StyledTable__StyledTableCell-jcjgiI iiOWqn"
          scope="col"
        >
          <button
            class="Sorter__SorterButton-hLSXcM iMMGVc StyledButton-qbvYY jYTBlN"
            type="button"
          >
            <div
              class="StyledBox-YaZNy fQnrnu"
            >
              <span
                class="StyledText-dmaDlZ iiuQkH"
              >
                B
              </span>
            </div>
          </button>
        </th>
      </tr>
    </thead>
    <tbody
      class="StyledDataTable__StyledDataTableBody-bnfSpy kzjjnd"
    >
      <tr
        class="StyledDataTable__StyledDataTableRow-cYyilN dfMfvR"
      >
        <td
          class="StyledTable__StyledTableCell-KsYQQ cldKKw"
        >
          <div
            class="StyledBox-YaZNy gQDcEP"
          >
            <span
              class="StyledText-dmaDlZ iiuQkH"
            >
              one
            </span>
          </div>
        </td>
        <td
          class="StyledTable__StyledTableCell-KsYQQ cldKKw"
        >
          <div
            class="StyledBox-YaZNy gQDcEP"
          >
            <span
              class="StyledText-dmaDlZ iiuQkH"
            >
              1
            </span>
          </div>
        </td>
      </tr>
      <tr
        class="StyledDataTable__StyledDataTableRow-cYyilN dfMfvR"
      >
        <td
          class="StyledTable__StyledTableCell-KsYQQ cldKKw"
        >
          <div
            class="StyledBox-YaZNy gQDcEP"
          >
            <span
              class="StyledText-dmaDlZ iiuQkH"
            >
              two
            </span>
          </div>
        </td>
        <td
          class="StyledTable__StyledTableCell-KsYQQ cldKKw"
        >
          <div
            class="StyledBox-YaZNy gQDcEP"
          >
            <span
              class="StyledText-dmaDlZ iiuQkH"
            >
              2
            </span>
          </div>
        </td>
      </tr>
      <tr
        class="StyledDataTable__StyledDataTableRow-cYyilN dfMfvR"
      >
        <td
          class="StyledTable__StyledTableCell-KsYQQ cldKKw"
        >
          <div
            class="StyledBox-YaZNy gQDcEP"
          >
            <span
              class="StyledText-dmaDlZ iiuQkH"
            >
              zero
            </span>
          </div>
        </td>
        <td
          class="StyledTable__StyledTableCell-KsYQQ cldKKw"
        >
          <div
            class="StyledBox-YaZNy gQDcEP"
          />
        </td>
      </tr>
    </tbody>
  </table>
</div>
`;
