// Jest Snapshot v1, https://goo.gl/fbAQLP

exports[`Grommet ThemeContext theme 1`] = `
.c1 {
  box-sizing: border-box;
  font-size: inherit;
  line-height: inherit;
  color: #000;
  font-weight: 600;
  -webkit-text-decoration: none;
  text-decoration: none;
  cursor: pointer;
}

.c1:hover {
  -webkit-text-decoration: underline;
  text-decoration: underline;
}

.c2 {
  display: -webkit-inline-box;
  display: -webkit-inline-flex;
  display: -ms-inline-flexbox;
  display: inline-flex;
  vertical-align: bottom;
}

.c0 {
  font-family: -apple-system, BlinkMacSystemFont, "Segoe UI", Roboto, Oxygen, Ubuntu, Cantarell, "Fira Sans", "Droid Sans", "Helvetica Neue", Arial,sans-serif, "Apple Color Emoji", "Segoe UI Emoji", "Segoe UI Symbol";
  font-size: 18px;
  line-height: 24px;
  background-color: #ffffff;
  color: #444444;
  box-sizing: border-box;
  -webkit-text-size-adjust: 100%;
  -ms-text-size-adjust: 100%;
  -moz-osx-font-smoothing: grayscale;
  -webkit-font-smoothing: antialiased;
}

<div
  class="c0"
>
  <a
    class="c1"
  >
    <span
      class="c2"
    >
      Hello
    </span>
  </a>
</div>
`;

exports[`Grommet custom theme 1`] = `
.c4 {
  display: inline-block;
  -webkit-flex: 0 0 auto;
  -ms-flex: 0 0 auto;
  flex: 0 0 auto;
  width: 24px;
  height: 24px;
  fill: #7D4CDB;
  stroke: #7D4CDB;
}

.c4 g {
  fill: inherit;
  stroke: inherit;
}

.c4 *:not([stroke])[fill='none'] {
  stroke-width: 0;
}

.c4 *[stroke*='#'],
.c4 *[STROKE*='#'] {
  stroke: inherit;
  fill: none;
}

.c4 *[fill-rule],
.c4 *[FILL-RULE],
.c4 *[fill*='#'],
.c4 *[FILL*='#'] {
  fill: inherit;
  stroke: none;
}

.c6 {
  display: inline-block;
  -webkit-flex: 0 0 auto;
  -ms-flex: 0 0 auto;
  flex: 0 0 auto;
  width: 24px;
  height: 24px;
  fill: #cc6633;
  stroke: #cc6633;
}

.c6 g {
  fill: inherit;
  stroke: inherit;
}

.c6 *:not([stroke])[fill='none'] {
  stroke-width: 0;
}

.c6 *[stroke*='#'],
.c6 *[STROKE*='#'] {
  stroke: inherit;
  fill: none;
}

.c6 *[fill-rule],
.c6 *[FILL-RULE],
.c6 *[fill*='#'],
.c6 *[FILL*='#'] {
  fill: inherit;
  stroke: none;
}

.c9 {
  display: inline-block;
  -webkit-flex: 0 0 auto;
  -ms-flex: 0 0 auto;
  flex: 0 0 auto;
  width: 24px;
  height: 24px;
  fill: #6FFFB0;
  stroke: #6FFFB0;
}

.c9 g {
  fill: inherit;
  stroke: inherit;
}

.c9 *:not([stroke])[fill='none'] {
  stroke-width: 0;
}

.c9 *[stroke*='#'],
.c9 *[STROKE*='#'] {
  stroke: inherit;
  fill: none;
}

.c9 *[fill-rule],
.c9 *[FILL-RULE],
.c9 *[fill*='#'],
.c9 *[FILL*='#'] {
  fill: inherit;
  stroke: none;
}

.c1 {
  display: -webkit-box;
  display: -webkit-flex;
  display: -ms-flexbox;
  display: flex;
  box-sizing: border-box;
  max-width: 100%;
  min-width: 0;
  min-height: 0;
  -webkit-flex-direction: column;
  -ms-flex-direction: column;
  flex-direction: column;
}

.c7 {
  display: -webkit-box;
  display: -webkit-flex;
  display: -ms-flexbox;
  display: flex;
  box-sizing: border-box;
  max-width: 100%;
  background-color: #333333;
  color: #f8f8f8;
  min-width: 0;
  min-height: 0;
  -webkit-flex-direction: column;
  -ms-flex-direction: column;
  flex-direction: column;
}

.c2 {
  box-sizing: border-box;
  font-size: inherit;
  line-height: inherit;
  color: #7D4CDB;
  font-weight: 600;
  -webkit-text-decoration: none;
  text-decoration: none;
  cursor: pointer;
}

.c2:hover {
  -webkit-text-decoration: underline;
  text-decoration: underline;
}

.c5 {
  box-sizing: border-box;
  font-size: inherit;
  line-height: inherit;
  color: #cc6633;
  font-weight: 600;
  -webkit-text-decoration: none;
  text-decoration: none;
  cursor: pointer;
}

.c5:hover {
  -webkit-text-decoration: underline;
  text-decoration: underline;
}

.c8 {
  box-sizing: border-box;
  font-size: inherit;
  line-height: inherit;
  color: #6FFFB0;
  font-weight: 600;
  -webkit-text-decoration: none;
  text-decoration: none;
  cursor: pointer;
}

.c8:hover {
  -webkit-text-decoration: underline;
  text-decoration: underline;
}

.c3 {
  display: -webkit-inline-box;
  display: -webkit-inline-flex;
  display: -ms-inline-flexbox;
  display: inline-flex;
  vertical-align: bottom;
}

.c11 {
  box-sizing: border-box;
  font-size: 22px;
  font-family: inherit;
  border: none;
  -webkit-appearance: none;
  background: transparent;
  color: inherit;
  width: 100%;
  line-height: 50px;
  padding: 11px;
  font-weight: bold;
  margin: 0;
  border: 1px solid rgba(0,0,0,0.33);
  border-radius: 4px;
}

.c11:focus {
  outline: none;
  box-shadow: 0 0 2px 2px #6FFFB0;
}

.c11:focus > circle,
.c11:focus > ellipse,
.c11:focus > line,
.c11:focus > path,
.c11:focus > polygon,
.c11:focus > polyline,
.c11:focus > rect {
  outline: none;
  box-shadow: 0 0 2px 2px #6FFFB0;
}

.c11:focus::-moz-focus-inner {
  border: 0;
}

.c11::-webkit-input-placeholder {
  color: #cc6633;
}

.c11::-moz-placeholder {
  color: #cc6633;
}

.c11:-ms-input-placeholder {
  color: #cc6633;
}

.c11::-webkit-search-decoration {
  -webkit-appearance: none;
}

.c11::-moz-focus-inner {
  border: none;
  outline: none;
}

.c11:-moz-placeholder,
.c11::-moz-placeholder {
  opacity: 1;
}

.c11::-webkit-input-placeholder {
  font-weight: normal;
}

.c11::-moz-placeholder {
  font-weight: normal;
}

.c11:-ms-input-placeholder {
  font-weight: normal;
}

.c10 {
  position: relative;
  width: 100%;
}

.c0 {
  font-size: 18px;
  line-height: 24px;
  box-sizing: border-box;
  -webkit-text-size-adjust: 100%;
  -ms-text-size-adjust: 100%;
  -moz-osx-font-smoothing: grayscale;
  -webkit-font-smoothing: antialiased;
}

<div
  class="c0"
>
  <div
    class="c1"
  >
    <a
      class="c2"
    >
      <span
        class="c3"
        direction="row"
      >
        <svg
          aria-label="Add"
          class="c4"
          viewBox="0 0 24 24"
        >
          <path
            d="M12 22V2M2 12h20"
            fill="none"
            stroke="#000"
            stroke-width="2"
          />
        </svg>
        Add
      </span>
    </a>
    <a
      class="c5"
    >
      <span
        class="c3"
        direction="row"
      >
        <svg
          aria-label="Add"
          class="c6"
          viewBox="0 0 24 24"
        >
          <path
            d="M12 22V2M2 12h20"
            fill="none"
            stroke="#000"
            stroke-width="2"
          />
        </svg>
        Add
      </span>
    </a>
  </div>
  <div
    class="c7"
  >
    <a
      class="c8"
    >
      <span
        class="c3"
        direction="row"
      >
        <svg
          aria-label="Add"
          class="c9"
          viewBox="0 0 24 24"
        >
          <path
            d="M12 22V2M2 12h20"
            fill="none"
            stroke="#000"
            stroke-width="2"
          />
        </svg>
        Add
      </span>
    </a>
    <a
      class="c5"
    >
      <span
        class="c3"
        direction="row"
      >
        <svg
          aria-label="Add"
          class="c6"
          viewBox="0 0 24 24"
        >
          <path
            d="M12 22V2M2 12h20"
            fill="none"
            stroke="#000"
            stroke-width="2"
          />
        </svg>
        Add
      </span>
    </a>
  </div>
  <div
    class="c1"
  >
    <div
      class="c10"
    >
      <input
        autocomplete="off"
        class="c11"
        placeholder="Placeholder"
        value="Value"
      />
    </div>
  </div>
</div>
`;

exports[`Grommet dark theme 1`] = `
.c1 {
  display: -webkit-box;
  display: -webkit-flex;
  display: -ms-flexbox;
  display: flex;
  box-sizing: border-box;
  max-width: 100%;
  background-color: #FD6FFF;
  color: #444444;
  min-width: 0;
  min-height: 0;
  -webkit-flex-direction: column;
  -ms-flex-direction: column;
  flex-direction: column;
}

.c3 {
  display: -webkit-box;
  display: -webkit-flex;
  display: -ms-flexbox;
  display: flex;
  box-sizing: border-box;
  max-width: 100%;
  background-color: #60EB9F;
  color: #444444;
  min-width: 0;
  min-height: 0;
  -webkit-flex-direction: column;
  -ms-flex-direction: column;
  flex-direction: column;
}

.c4 {
  display: -webkit-box;
  display: -webkit-flex;
  display: -ms-flexbox;
  display: flex;
  box-sizing: border-box;
  max-width: 100%;
  background-color: #60EBE1;
  color: #444444;
  min-width: 0;
  min-height: 0;
  -webkit-flex-direction: column;
  -ms-flex-direction: column;
  flex-direction: column;
}

.c5 {
  display: -webkit-box;
  display: -webkit-flex;
  display: -ms-flexbox;
  display: flex;
  box-sizing: border-box;
  max-width: 100%;
  background-color: #333333;
  color: #eeeeee;
  min-width: 0;
  min-height: 0;
  -webkit-flex-direction: column;
  -ms-flex-direction: column;
  flex-direction: column;
}

.c6 {
  display: -webkit-box;
  display: -webkit-flex;
  display: -ms-flexbox;
  display: flex;
  box-sizing: border-box;
  max-width: 100%;
  background-color: #555555;
  color: #eeeeee;
  min-width: 0;
  min-height: 0;
  -webkit-flex-direction: column;
  -ms-flex-direction: column;
  flex-direction: column;
}

.c7 {
  display: -webkit-box;
  display: -webkit-flex;
  display: -ms-flexbox;
  display: flex;
  box-sizing: border-box;
  max-width: 100%;
  background-color: #777777;
  color: #eeeeee;
  min-width: 0;
  min-height: 0;
  -webkit-flex-direction: column;
  -ms-flex-direction: column;
  flex-direction: column;
}

.c8 {
  display: -webkit-box;
  display: -webkit-flex;
  display: -ms-flexbox;
  display: flex;
  box-sizing: border-box;
  max-width: 100%;
  background-color: #999999;
  color: #444444;
  min-width: 0;
  min-height: 0;
  -webkit-flex-direction: column;
  -ms-flex-direction: column;
  flex-direction: column;
}

.c9 {
  display: -webkit-box;
  display: -webkit-flex;
  display: -ms-flexbox;
  display: flex;
  box-sizing: border-box;
  max-width: 100%;
  background-color: #FFCA58;
  color: #444444;
  min-width: 0;
  min-height: 0;
  -webkit-flex-direction: column;
  -ms-flex-direction: column;
  flex-direction: column;
}

.c10 {
  display: -webkit-box;
  display: -webkit-flex;
  display: -ms-flexbox;
  display: flex;
  box-sizing: border-box;
  max-width: 100%;
  background-color: #F8F8F8;
  color: #444444;
  min-width: 0;
  min-height: 0;
  -webkit-flex-direction: column;
  -ms-flex-direction: column;
  flex-direction: column;
}

.c11 {
  display: -webkit-box;
  display: -webkit-flex;
  display: -ms-flexbox;
  display: flex;
  box-sizing: border-box;
  max-width: 100%;
  background-color: #F2F2F2;
  color: #444444;
  min-width: 0;
  min-height: 0;
  -webkit-flex-direction: column;
  -ms-flex-direction: column;
  flex-direction: column;
}

.c12 {
  display: -webkit-box;
  display: -webkit-flex;
  display: -ms-flexbox;
  display: flex;
  box-sizing: border-box;
  max-width: 100%;
  background-color: #EDEDED;
  color: #444444;
  min-width: 0;
  min-height: 0;
  -webkit-flex-direction: column;
  -ms-flex-direction: column;
  flex-direction: column;
}

.c13 {
  display: -webkit-box;
  display: -webkit-flex;
  display: -ms-flexbox;
  display: flex;
  box-sizing: border-box;
  max-width: 100%;
  background-color: #DADADA;
  color: #444444;
  min-width: 0;
  min-height: 0;
  -webkit-flex-direction: column;
  -ms-flex-direction: column;
  flex-direction: column;
}

.c14 {
  display: -webkit-box;
  display: -webkit-flex;
  display: -ms-flexbox;
  display: flex;
  box-sizing: border-box;
  max-width: 100%;
  background-color: #EB6060;
  color: #444444;
  min-width: 0;
  min-height: 0;
  -webkit-flex-direction: column;
  -ms-flex-direction: column;
  flex-direction: column;
}

.c15 {
  display: -webkit-box;
  display: -webkit-flex;
  display: -ms-flexbox;
  display: flex;
  box-sizing: border-box;
  max-width: 100%;
  background-color: #01C781;
  color: #444444;
  min-width: 0;
  min-height: 0;
  -webkit-flex-direction: column;
  -ms-flex-direction: column;
  flex-direction: column;
}

.c16 {
  display: -webkit-box;
  display: -webkit-flex;
  display: -ms-flexbox;
  display: flex;
  box-sizing: border-box;
  max-width: 100%;
  background-color: #6095EB;
  color: #444444;
  min-width: 0;
  min-height: 0;
  -webkit-flex-direction: column;
  -ms-flex-direction: column;
  flex-direction: column;
}

.c17 {
  display: -webkit-box;
  display: -webkit-flex;
  display: -ms-flexbox;
  display: flex;
  box-sizing: border-box;
  max-width: 100%;
  background-color: #FF3333;
  color: #eeeeee;
  min-width: 0;
  min-height: 0;
  -webkit-flex-direction: column;
  -ms-flex-direction: column;
  flex-direction: column;
}

.c18 {
  display: -webkit-box;
  display: -webkit-flex;
  display: -ms-flexbox;
  display: flex;
  box-sizing: border-box;
  max-width: 100%;
  background-color: #a8a8a8;
  color: #444444;
  min-width: 0;
  min-height: 0;
  -webkit-flex-direction: column;
  -ms-flex-direction: column;
  flex-direction: column;
}

.c19 {
  display: -webkit-box;
  display: -webkit-flex;
  display: -ms-flexbox;
  display: flex;
  box-sizing: border-box;
  max-width: 100%;
  background-color: #7DD892;
  color: #444444;
  min-width: 0;
  min-height: 0;
  -webkit-flex-direction: column;
  -ms-flex-direction: column;
  flex-direction: column;
}

.c20 {
  display: -webkit-box;
  display: -webkit-flex;
  display: -ms-flexbox;
  display: flex;
  box-sizing: border-box;
  max-width: 100%;
  background-color: #F7E464;
  color: #444444;
  min-width: 0;
  min-height: 0;
  -webkit-flex-direction: column;
  -ms-flex-direction: column;
  flex-direction: column;
}

.c2 {
  font-size: 18px;
  line-height: 24px;
}

.c0 {
  font-family: Arial;
  font-size: 18px;
  line-height: 24px;
  background-color: #111111;
  color: #eeeeee;
  box-sizing: border-box;
  -webkit-text-size-adjust: 100%;
  -ms-text-size-adjust: 100%;
  -moz-osx-font-smoothing: grayscale;
  -webkit-font-smoothing: antialiased;
}

<div
  class="c0"
>
  <div
    class="c1"
  >
    <span
      class="c2"
    >
      accent-1
    </span>
  </div>
  <div
    class="c3"
  >
    <span
      class="c2"
    >
      accent-2
    </span>
  </div>
  <div
    class="c4"
  >
    <span
      class="c2"
    >
      accent-3
    </span>
  </div>
  <div
    class="c1"
  >
    <span
      class="c2"
    >
      brand
    </span>
  </div>
  <div
    class="c5"
  >
    <span
      class="c2"
    >
      dark-1
    </span>
  </div>
  <div
    class="c6"
  >
    <span
      class="c2"
    >
      dark-2
    </span>
  </div>
  <div
    class="c7"
  >
    <span
      class="c2"
    >
      dark-3
    </span>
  </div>
  <div
    class="c8"
  >
    <span
      class="c2"
    >
      dark-4
    </span>
  </div>
  <div
    class="c8"
  >
    <span
      class="c2"
    >
      dark-5
    </span>
  </div>
  <div
    class="c8"
  >
    <span
      class="c2"
    >
      dark-6
    </span>
  </div>
  <div
    class="c9"
  >
    <span
      class="c2"
    >
      focus
    </span>
  </div>
  <div
    class="c10"
  >
    <span
      class="c2"
    >
      light-1
    </span>
  </div>
  <div
    class="c11"
  >
    <span
      class="c2"
    >
      light-2
    </span>
  </div>
  <div
    class="c12"
  >
    <span
      class="c2"
    >
      light-3
    </span>
  </div>
  <div
    class="c13"
  >
    <span
      class="c2"
    >
      light-4
    </span>
  </div>
  <div
    class="c13"
  >
    <span
      class="c2"
    >
      light-5
    </span>
  </div>
  <div
    class="c13"
  >
    <span
      class="c2"
    >
      light-6
    </span>
  </div>
  <div
    class="c14"
  >
    <span
      class="c2"
    >
      neutral-1
    </span>
  </div>
  <div
    class="c15"
  >
    <span
      class="c2"
    >
      neutral-2
    </span>
  </div>
  <div
    class="c16"
  >
    <span
      class="c2"
    >
      neutral-3
    </span>
  </div>
  <div
    class="c17"
  >
    <span
      class="c2"
    >
      status-critical
    </span>
  </div>
  <div
    class="c18"
  >
    <span
      class="c2"
    >
      status-disabled
    </span>
  </div>
  <div
    class="c19"
  >
    <span
      class="c2"
    >
      status-ok
    </span>
  </div>
  <div
    class="c18"
  >
    <span
      class="c2"
    >
      status-unknown
    </span>
  </div>
  <div
    class="c20"
  >
    <span
      class="c2"
    >
      status-warning
    </span>
  </div>
</div>
`;

exports[`Grommet default theme 1`] = `
.c1 {
  display: -webkit-box;
  display: -webkit-flex;
  display: -ms-flexbox;
  display: flex;
  box-sizing: border-box;
  max-width: 100%;
  background-color: #6FFFB0;
  color: #444444;
  min-width: 0;
  min-height: 0;
  -webkit-flex-direction: column;
  -ms-flex-direction: column;
  flex-direction: column;
}

.c3 {
  display: -webkit-box;
  display: -webkit-flex;
  display: -ms-flexbox;
  display: flex;
  box-sizing: border-box;
  max-width: 100%;
  background-color: #FD6FFF;
  color: #444444;
  min-width: 0;
  min-height: 0;
  -webkit-flex-direction: column;
  -ms-flex-direction: column;
  flex-direction: column;
}

.c4 {
  display: -webkit-box;
  display: -webkit-flex;
  display: -ms-flexbox;
  display: flex;
  box-sizing: border-box;
  max-width: 100%;
  background-color: #81FCED;
  color: #444444;
  min-width: 0;
  min-height: 0;
  -webkit-flex-direction: column;
  -ms-flex-direction: column;
  flex-direction: column;
}

.c5 {
  display: -webkit-box;
  display: -webkit-flex;
  display: -ms-flexbox;
  display: flex;
  box-sizing: border-box;
  max-width: 100%;
  background-color: #7D4CDB;
  color: #f8f8f8;
  min-width: 0;
  min-height: 0;
  -webkit-flex-direction: column;
  -ms-flex-direction: column;
  flex-direction: column;
}

.c6 {
  display: -webkit-box;
  display: -webkit-flex;
  display: -ms-flexbox;
  display: flex;
  box-sizing: border-box;
  max-width: 100%;
  background-color: #333333;
  color: #f8f8f8;
  min-width: 0;
  min-height: 0;
  -webkit-flex-direction: column;
  -ms-flex-direction: column;
  flex-direction: column;
}

.c7 {
  display: -webkit-box;
  display: -webkit-flex;
  display: -ms-flexbox;
  display: flex;
  box-sizing: border-box;
  max-width: 100%;
  background-color: #555555;
  color: #f8f8f8;
  min-width: 0;
  min-height: 0;
  -webkit-flex-direction: column;
  -ms-flex-direction: column;
  flex-direction: column;
}

.c8 {
  display: -webkit-box;
  display: -webkit-flex;
  display: -ms-flexbox;
  display: flex;
  box-sizing: border-box;
  max-width: 100%;
  background-color: #777777;
  color: #f8f8f8;
  min-width: 0;
  min-height: 0;
  -webkit-flex-direction: column;
  -ms-flex-direction: column;
  flex-direction: column;
}

.c9 {
  display: -webkit-box;
  display: -webkit-flex;
  display: -ms-flexbox;
  display: flex;
  box-sizing: border-box;
  max-width: 100%;
  background-color: #999999;
  color: #444444;
  min-width: 0;
  min-height: 0;
  -webkit-flex-direction: column;
  -ms-flex-direction: column;
  flex-direction: column;
}

.c10 {
  display: -webkit-box;
  display: -webkit-flex;
  display: -ms-flexbox;
  display: flex;
  box-sizing: border-box;
  max-width: 100%;
  background-color: #F8F8F8;
  color: #444444;
  min-width: 0;
  min-height: 0;
  -webkit-flex-direction: column;
  -ms-flex-direction: column;
  flex-direction: column;
}

.c11 {
  display: -webkit-box;
  display: -webkit-flex;
  display: -ms-flexbox;
  display: flex;
  box-sizing: border-box;
  max-width: 100%;
  background-color: #F2F2F2;
  color: #444444;
  min-width: 0;
  min-height: 0;
  -webkit-flex-direction: column;
  -ms-flex-direction: column;
  flex-direction: column;
}

.c12 {
  display: -webkit-box;
  display: -webkit-flex;
  display: -ms-flexbox;
  display: flex;
  box-sizing: border-box;
  max-width: 100%;
  background-color: #EDEDED;
  color: #444444;
  min-width: 0;
  min-height: 0;
  -webkit-flex-direction: column;
  -ms-flex-direction: column;
  flex-direction: column;
}

.c13 {
  display: -webkit-box;
  display: -webkit-flex;
  display: -ms-flexbox;
  display: flex;
  box-sizing: border-box;
  max-width: 100%;
  background-color: #DADADA;
  color: #444444;
  min-width: 0;
  min-height: 0;
  -webkit-flex-direction: column;
  -ms-flex-direction: column;
  flex-direction: column;
}

.c14 {
  display: -webkit-box;
  display: -webkit-flex;
  display: -ms-flexbox;
  display: flex;
  box-sizing: border-box;
  max-width: 100%;
  background-color: #00873D;
  color: #f8f8f8;
  min-width: 0;
  min-height: 0;
  -webkit-flex-direction: column;
  -ms-flex-direction: column;
  flex-direction: column;
}

.c15 {
  display: -webkit-box;
  display: -webkit-flex;
  display: -ms-flexbox;
  display: flex;
  box-sizing: border-box;
  max-width: 100%;
  background-color: #3D138D;
  color: #f8f8f8;
  min-width: 0;
  min-height: 0;
  -webkit-flex-direction: column;
  -ms-flex-direction: column;
  flex-direction: column;
}

.c16 {
  display: -webkit-box;
  display: -webkit-flex;
  display: -ms-flexbox;
  display: flex;
  box-sizing: border-box;
  max-width: 100%;
  background-color: #00739D;
  color: #f8f8f8;
  min-width: 0;
  min-height: 0;
  -webkit-flex-direction: column;
  -ms-flex-direction: column;
  flex-direction: column;
}

.c17 {
  display: -webkit-box;
  display: -webkit-flex;
  display: -ms-flexbox;
  display: flex;
  box-sizing: border-box;
  max-width: 100%;
  background-color: #FF4040;
  color: #f8f8f8;
  min-width: 0;
  min-height: 0;
  -webkit-flex-direction: column;
  -ms-flex-direction: column;
  flex-direction: column;
}

.c18 {
  display: -webkit-box;
  display: -webkit-flex;
  display: -ms-flexbox;
  display: flex;
  box-sizing: border-box;
  max-width: 100%;
  background-color: #CCCCCC;
  color: #444444;
  min-width: 0;
  min-height: 0;
  -webkit-flex-direction: column;
  -ms-flex-direction: column;
  flex-direction: column;
}

.c19 {
  display: -webkit-box;
  display: -webkit-flex;
  display: -ms-flexbox;
  display: flex;
  box-sizing: border-box;
  max-width: 100%;
  background-color: #00C781;
  color: #444444;
  min-width: 0;
  min-height: 0;
  -webkit-flex-direction: column;
  -ms-flex-direction: column;
  flex-direction: column;
}

.c20 {
  display: -webkit-box;
  display: -webkit-flex;
  display: -ms-flexbox;
  display: flex;
  box-sizing: border-box;
  max-width: 100%;
  background-color: #FFAA15;
  color: #444444;
  min-width: 0;
  min-height: 0;
  -webkit-flex-direction: column;
  -ms-flex-direction: column;
  flex-direction: column;
}

.c2 {
  font-size: 18px;
  line-height: 24px;
}

.c0 {
  font-size: 18px;
  line-height: 24px;
  box-sizing: border-box;
  -webkit-text-size-adjust: 100%;
  -ms-text-size-adjust: 100%;
  -moz-osx-font-smoothing: grayscale;
  -webkit-font-smoothing: antialiased;
}

<div
  class="c0"
>
  <div
    class="c1"
  >
    <span
      class="c2"
    >
      accent-1
    </span>
  </div>
  <div
    class="c3"
  >
    <span
      class="c2"
    >
      accent-2
    </span>
  </div>
  <div
    class="c4"
  >
    <span
      class="c2"
    >
      accent-3
    </span>
  </div>
  <div
    class="c5"
  >
    <span
      class="c2"
    >
      brand
    </span>
  </div>
  <div
    class="c6"
  >
    <span
      class="c2"
    >
      dark-1
    </span>
  </div>
  <div
    class="c7"
  >
    <span
      class="c2"
    >
      dark-2
    </span>
  </div>
  <div
    class="c8"
  >
    <span
      class="c2"
    >
      dark-3
    </span>
  </div>
  <div
    class="c9"
  >
    <span
      class="c2"
    >
      dark-4
    </span>
  </div>
  <div
    class="c9"
  >
    <span
      class="c2"
    >
      dark-5
    </span>
  </div>
  <div
    class="c9"
  >
    <span
      class="c2"
    >
      dark-6
    </span>
  </div>
  <div
    class="c1"
  >
    <span
      class="c2"
    >
      focus
    </span>
  </div>
  <div
    class="c10"
  >
    <span
      class="c2"
    >
      light-1
    </span>
  </div>
  <div
    class="c11"
  >
    <span
      class="c2"
    >
      light-2
    </span>
  </div>
  <div
    class="c12"
  >
    <span
      class="c2"
    >
      light-3
    </span>
  </div>
  <div
    class="c13"
  >
    <span
      class="c2"
    >
      light-4
    </span>
  </div>
  <div
    class="c13"
  >
    <span
      class="c2"
    >
      light-5
    </span>
  </div>
  <div
    class="c13"
  >
    <span
      class="c2"
    >
      light-6
    </span>
  </div>
  <div
    class="c14"
  >
    <span
      class="c2"
    >
      neutral-1
    </span>
  </div>
  <div
    class="c15"
  >
    <span
      class="c2"
    >
      neutral-2
    </span>
  </div>
  <div
    class="c16"
  >
    <span
      class="c2"
    >
      neutral-3
    </span>
  </div>
  <div
    class="c17"
  >
    <span
      class="c2"
    >
      status-critical
    </span>
  </div>
  <div
    class="c18"
  >
    <span
      class="c2"
    >
      status-disabled
    </span>
  </div>
  <div
    class="c19"
  >
    <span
      class="c2"
    >
      status-ok
    </span>
  </div>
  <div
    class="c18"
  >
    <span
      class="c2"
    >
      status-unknown
    </span>
  </div>
  <div
    class="c20"
  >
    <span
      class="c2"
    >
      status-warning
    </span>
  </div>
</div>
`;

exports[`Grommet grommet theme 1`] = `
.c1 {
  display: inline-block;
  box-sizing: border-box;
  cursor: pointer;
  font: inherit;
  -webkit-text-decoration: none;
  text-decoration: none;
  margin: 0;
  background: transparent;
  overflow: visible;
  text-transform: none;
  border: 2px solid #7D4CDB;
  border-radius: 18px;
  color: #444444;
  padding: 4px 22px;
  font-size: 18px;
  line-height: 24px;
  -webkit-transition-property: color,background-color,border-color,box-shadow;
  transition-property: color,background-color,border-color,box-shadow;
  -webkit-transition-duration: 0.1s;
  transition-duration: 0.1s;
  -webkit-transition-timing-function: ease-in-out;
  transition-timing-function: ease-in-out;
  font-weight: bold;
}

.c1:hover {
  box-shadow: 0px 0px 0px 2px #7D4CDB;
}

.c1:focus {
  outline: none;
  box-shadow: 0 0 2px 2px #6FFFB0;
}

.c1:focus > circle,
.c1:focus > ellipse,
.c1:focus > line,
.c1:focus > path,
.c1:focus > polygon,
.c1:focus > polyline,
.c1:focus > rect {
  outline: none;
  box-shadow: 0 0 2px 2px #6FFFB0;
}

.c1:focus::-moz-focus-inner {
  border: 0;
}

.c1:focus:not(:focus-visible) {
  outline: none;
  box-shadow: none;
}

.c1:focus:not(:focus-visible) > circle,
.c1:focus:not(:focus-visible) > ellipse,
.c1:focus:not(:focus-visible) > line,
.c1:focus:not(:focus-visible) > path,
.c1:focus:not(:focus-visible) > polygon,
.c1:focus:not(:focus-visible) > polyline,
.c1:focus:not(:focus-visible) > rect {
  outline: none;
  box-shadow: none;
}

.c1:focus:not(:focus-visible)::-moz-focus-inner {
  border: 0;
}

.c2 {
  display: inline-block;
  box-sizing: border-box;
  cursor: pointer;
  font: inherit;
  -webkit-text-decoration: none;
  text-decoration: none;
  margin: 0;
  background: transparent;
  overflow: visible;
  text-transform: none;
  color: inherit;
  outline: none;
  border: none;
  padding: 0;
  text-align: inherit;
}

.c2:focus {
  outline: none;
  box-shadow: 0 0 2px 2px #6FFFB0;
}

.c2:focus > circle,
.c2:focus > ellipse,
.c2:focus > line,
.c2:focus > path,
.c2:focus > polygon,
.c2:focus > polyline,
.c2:focus > rect {
  outline: none;
  box-shadow: 0 0 2px 2px #6FFFB0;
}

.c2:focus::-moz-focus-inner {
  border: 0;
}

.c2:focus:not(:focus-visible) {
  outline: none;
  box-shadow: none;
}

.c2:focus:not(:focus-visible) > circle,
.c2:focus:not(:focus-visible) > ellipse,
.c2:focus:not(:focus-visible) > line,
.c2:focus:not(:focus-visible) > path,
.c2:focus:not(:focus-visible) > polygon,
.c2:focus:not(:focus-visible) > polyline,
.c2:focus:not(:focus-visible) > rect {
  outline: none;
  box-shadow: none;
}

.c2:focus:not(:focus-visible)::-moz-focus-inner {
  border: 0;
}

.c0 {
  font-family: -apple-system, BlinkMacSystemFont, "Segoe UI", Roboto, Oxygen, Ubuntu, Cantarell, "Fira Sans", "Droid Sans", "Helvetica Neue", Arial,sans-serif, "Apple Color Emoji", "Segoe UI Emoji", "Segoe UI Symbol";
  font-size: 18px;
  line-height: 24px;
  background-color: #ffffff;
  color: #444444;
  box-sizing: border-box;
  -webkit-text-size-adjust: 100%;
  -ms-text-size-adjust: 100%;
  -moz-osx-font-smoothing: grayscale;
  -webkit-font-smoothing: antialiased;
}

<div
  class="c0"
>
  <button
    class="c1"
    type="button"
  >
    test
  </button>
  <button
    class="c2"
    type="button"
  >
    test
  </button>
</div>
`;

exports[`Grommet hpe theme 1`] = `
.c1 {
  display: -webkit-box;
  display: -webkit-flex;
  display: -ms-flexbox;
  display: flex;
  box-sizing: border-box;
  max-width: 100%;
  background-color: #01A982;
  color: #FFFFFFE6;
  min-width: 0;
  min-height: 0;
  -webkit-flex-direction: column;
  -ms-flex-direction: column;
  flex-direction: column;
}

.c3 {
  display: -webkit-box;
  display: -webkit-flex;
  display: -ms-flexbox;
  display: flex;
  box-sizing: border-box;
  max-width: 100%;
  background-color: #0000000A;
  color: #6F6F6F;
  min-width: 0;
  min-height: 0;
  -webkit-flex-direction: column;
  -ms-flex-direction: column;
  flex-direction: column;
}

.c4 {
  display: -webkit-box;
  display: -webkit-flex;
  display: -ms-flexbox;
  display: flex;
  box-sizing: border-box;
  max-width: 100%;
  background-color: #FFFFFF;
  color: #6F6F6F;
  min-width: 0;
  min-height: 0;
  -webkit-flex-direction: column;
  -ms-flex-direction: column;
  flex-direction: column;
}

.c5 {
  display: -webkit-box;
  display: -webkit-flex;
  display: -ms-flexbox;
  display: flex;
  box-sizing: border-box;
  max-width: 100%;
  background-color: #FF8300;
  color: #6F6F6F;
  min-width: 0;
  min-height: 0;
  -webkit-flex-direction: column;
  -ms-flex-direction: column;
  flex-direction: column;
}

.c6 {
  display: -webkit-box;
  display: -webkit-flex;
  display: -ms-flexbox;
  display: flex;
  box-sizing: border-box;
  max-width: 100%;
  background-color: #00739D;
  color: #FFFFFFE6;
  min-width: 0;
  min-height: 0;
  -webkit-flex-direction: column;
  -ms-flex-direction: column;
  flex-direction: column;
}

.c7 {
  display: -webkit-box;
  display: -webkit-flex;
  display: -ms-flexbox;
  display: flex;
  box-sizing: border-box;
  max-width: 100%;
  background-color: #7630EA;
  color: #FFFFFFE6;
  min-width: 0;
  min-height: 0;
  -webkit-flex-direction: column;
  -ms-flex-direction: column;
  flex-direction: column;
}

.c8 {
  display: -webkit-box;
  display: -webkit-flex;
  display: -ms-flexbox;
  display: flex;
  box-sizing: border-box;
  max-width: 100%;
  background-color: #FEC901;
  color: #6F6F6F;
  min-width: 0;
  min-height: 0;
  -webkit-flex-direction: column;
  -ms-flex-direction: column;
  flex-direction: column;
}

.c9 {
  display: -webkit-box;
  display: -webkit-flex;
  display: -ms-flexbox;
  display: flex;
  box-sizing: border-box;
  max-width: 100%;
  background-color: #00E8CF;
  color: #6F6F6F;
  min-width: 0;
  min-height: 0;
  -webkit-flex-direction: column;
  -ms-flex-direction: column;
  flex-direction: column;
}

.c10 {
  display: -webkit-box;
  display: -webkit-flex;
  display: -ms-flexbox;
  display: flex;
  box-sizing: border-box;
  max-width: 100%;
  background-color: #FC5A5A;
  color: #6F6F6F;
  min-width: 0;
  min-height: 0;
  -webkit-flex-direction: column;
  -ms-flex-direction: column;
  flex-direction: column;
}

.c11 {
  display: -webkit-box;
  display: -webkit-flex;
  display: -ms-flexbox;
  display: flex;
  box-sizing: border-box;
  max-width: 100%;
  background-color: #CCCCCC;
  color: #6F6F6F;
  min-width: 0;
  min-height: 0;
  -webkit-flex-direction: column;
  -ms-flex-direction: column;
  flex-direction: column;
}

.c12 {
  display: -webkit-box;
  display: -webkit-flex;
  display: -ms-flexbox;
  display: flex;
  box-sizing: border-box;
  max-width: 100%;
  background-color: #17EBA0;
  color: #6F6F6F;
  min-width: 0;
  min-height: 0;
  -webkit-flex-direction: column;
  -ms-flex-direction: column;
  flex-direction: column;
}

.c13 {
  display: -webkit-box;
  display: -webkit-flex;
  display: -ms-flexbox;
  display: flex;
  box-sizing: border-box;
  max-width: 100%;
  background-color: #FFBC44;
  color: #6F6F6F;
  min-width: 0;
  min-height: 0;
  -webkit-flex-direction: column;
  -ms-flex-direction: column;
  flex-direction: column;
}

.c14 {
  display: -webkit-box;
  display: -webkit-flex;
  display: -ms-flexbox;
  display: flex;
  box-sizing: border-box;
  max-width: 100%;
  background-color: #6F6F6F;
  color: #FFFFFFE6;
  min-width: 0;
  min-height: 0;
  -webkit-flex-direction: column;
  -ms-flex-direction: column;
  flex-direction: column;
}

.c2 {
  font-size: 18px;
  line-height: 24px;
}

.c0 {
  font-family: 'Metric',Arial,sans-serif;
  font-size: 18px;
  line-height: 24px;
  background-color: #FFFFFF;
  color: #6F6F6F;
  box-sizing: border-box;
  -webkit-text-size-adjust: 100%;
  -ms-text-size-adjust: 100%;
  -moz-osx-font-smoothing: grayscale;
  -webkit-font-smoothing: antialiased;
}

<div
  class="c0"
>
  <div
    class="c1"
  >
    <span
      class="c2"
    >
      brand
    </span>
  </div>
  <div
    class="c3"
  >
    <span
      class="c2"
    >
      background-contrast
    </span>
  </div>
  <div
    class="c4"
  >
    <span
      class="c2"
    >
      background-front
    </span>
  </div>
  <div
    class="c1"
  >
    <span
      class="c2"
    >
      control
    </span>
  </div>
  <div
    class="c5"
  >
    <span
      class="c2"
    >
      graph-0
    </span>
  </div>
  <div
    class="c6"
  >
    <span
      class="c2"
    >
      graph-1
    </span>
  </div>
  <div
    class="c7"
  >
    <span
      class="c2"
    >
      graph-2
    </span>
  </div>
  <div
    class="c8"
  >
    <span
      class="c2"
    >
      graph-3
    </span>
  </div>
  <div
    class="c9"
  >
    <span
      class="c2"
    >
      graph-4
    </span>
  </div>
  <div
    class="c9"
  >
    <span
      class="c2"
    >
      focus
    </span>
  </div>
  <div
    class="c10"
  >
    <span
      class="c2"
    >
      status-critical
    </span>
  </div>
  <div
    class="c11"
  >
    <span
      class="c2"
    >
      status-disabled
    </span>
  </div>
  <div
    class="c12"
  >
    <span
      class="c2"
    >
      status-ok
    </span>
  </div>
  <div
    class="c11"
  >
    <span
      class="c2"
    >
      status-unknown
    </span>
  </div>
  <div
    class="c13"
  >
    <span
      class="c2"
    >
      status-warning
    </span>
  </div>
  <div
    class="c14"
  >
    <span
      class="c2"
    >
      text
    </span>
  </div>
</div>
`;
