// Jest Snapshot v1, https://goo.gl/fbAQLP

exports[`Diagram color renders 1`] = `
<div
  class="StyledGrommet-gGRXwz deqpVW"
>
  <div
    class="StyledStack-jqCQsC ewABiA"
  >
    <div
      class="StyledBox-bStriS kkBTIr"
      direction="row"
      style="position: relative;"
    >
      <div
        class="StyledBox-bStriS jGLyaD"
        direction="column"
        id="1"
      />
      <div
        class="StyledBox-bStriS jGLyaD"
        direction="column"
        id="2"
      />
    </div>
    <svg
      class="StyledDiagram-fAdbMP bwxUiT"
      viewBox="0 0 0 0"
      preserveAspectRatio="xMinYMin meet"
      width="0"
      height="0"
      style="position: absolute; overflow: hidden; top: 0px; left: 0px; bottom: 0px; right: 0px;"
    >
      <g />
    </svg>
  </div>
</div>
`;

exports[`Diagram offset renders 1`] = `
<div
  class="StyledGrommet-gGRXwz deqpVW"
>
  <div
    class="StyledStack-jqCQsC ewABiA"
  >
    <div
      class="StyledBox-bStriS kkBTIr"
      direction="row"
      style="position: relative;"
    >
      <div
        class="StyledBox-bStriS jGLyaD"
        direction="column"
        id="1"
      />
      <div
        class="StyledBox-bStriS jGLyaD"
        direction="column"
        id="2"
      />
    </div>
    <svg
      class="StyledDiagram-fAdbMP bwxUiT"
      viewBox="0 0 0 0"
      preserveAspectRatio="xMinYMin meet"
      width="0"
      height="0"
      style="position: absolute; overflow: hidden; top: 0px; left: 0px; bottom: 0px; right: 0px;"
    >
      <g />
    </svg>
  </div>
</div>
`;

exports[`Diagram renders 1`] = `
<div
  class="StyledGrommet-gGRXwz deqpVW"
>
  <div
    class="StyledStack-jqCQsC ewABiA"
  >
    <div
      class="StyledBox-bStriS kkBTIr"
      direction="row"
      style="position: relative;"
    >
      <div
        class="StyledBox-bStriS jGLyaD"
        direction="column"
        id="1"
      />
      <div
        class="StyledBox-bStriS jGLyaD"
        direction="column"
        id="2"
      />
    </div>
    <svg
      class="StyledDiagram-fAdbMP bwxUiT"
      viewBox="0 0 0 0"
      preserveAspectRatio="xMinYMin meet"
      width="0"
      height="0"
      style="position: absolute; overflow: hidden; top: 0px; left: 0px; bottom: 0px; right: 0px;"
    >
      <g />
    </svg>
  </div>
</div>
`;

exports[`Diagram thickness renders 1`] = `
<div
  class="StyledGrommet-gGRXwz deqpVW"
>
  <div
    class="StyledStack-jqCQsC ewABiA"
  >
    <div
      class="StyledBox-bStriS kkBTIr"
      direction="row"
      style="position: relative;"
    >
      <div
        class="StyledBox-bStriS jGLyaD"
        direction="column"
        id="1"
      />
      <div
        class="StyledBox-bStriS jGLyaD"
        direction="column"
        id="2"
      />
    </div>
    <svg
      class="StyledDiagram-fAdbMP bwxUiT"
      viewBox="0 0 0 0"
      preserveAspectRatio="xMinYMin meet"
      width="0"
      height="0"
      style="position: absolute; overflow: hidden; top: 0px; left: 0px; bottom: 0px; right: 0px;"
    >
      <g />
    </svg>
  </div>
</div>
`;

exports[`Diagram type renders 1`] = `
<div
  class="StyledGrommet-gGRXwz deqpVW"
>
  <div
    class="StyledStack-jqCQsC ewABiA"
  >
    <div
      class="StyledBox-bStriS kkBTIr"
      direction="row"
      style="position: relative;"
    >
      <div
        class="StyledBox-bStriS jGLyaD"
        direction="column"
        id="1"
      />
      <div
        class="StyledBox-bStriS jGLyaD"
        direction="column"
        id="2"
      />
    </div>
    <svg
      class="StyledDiagram-fAdbMP bwxUiT"
      viewBox="0 0 0 0"
      preserveAspectRatio="xMinYMin meet"
      width="0"
      height="0"
      style="position: absolute; overflow: hidden; top: 0px; left: 0px; bottom: 0px; right: 0px;"
    >
      <g />
    </svg>
  </div>
</div>
`;
