// Jest Snapshot v1, https://goo.gl/fbAQLP

exports[`DataSearch drop 1`] = `
.c3 {
  display: inline-block;
  -webkit-flex: 0 0 auto;
  -ms-flex: 0 0 auto;
  flex: 0 0 auto;
  width: 24px;
  height: 24px;
  fill: #666666;
  stroke: #666666;
}

.c3 g {
  fill: inherit;
  stroke: inherit;
}

.c3 *:not([stroke])[fill="none"] {
  stroke-width: 0;
}

.c3 *[stroke*="#"],
.c3 *[STROKE*="#"] {
  stroke: inherit;
  fill: none;
}

.c3 *[fill-rule],
.c3 *[FILL-RULE],
.c3 *[fill*="#"],
.c3 *[FILL*="#"] {
  fill: inherit;
  stroke: none;
}

.c1 {
  display: -webkit-box;
  display: -webkit-flex;
  display: -ms-flexbox;
  display: flex;
  box-sizing: border-box;
  max-width: 100%;
  min-width: 0;
  min-height: 0;
  -webkit-flex-direction: column;
  -ms-flex-direction: column;
  flex-direction: column;
  -webkit-flex: 0 0 auto;
  -ms-flex: 0 0 auto;
  flex: 0 0 auto;
}

.c2 {
  display: inline-block;
  box-sizing: border-box;
  cursor: pointer;
  font: inherit;
  -webkit-text-decoration: none;
  text-decoration: none;
  margin: 0;
  background: transparent;
  overflow: visible;
  text-transform: none;
  color: inherit;
  outline: none;
  border: none;
  padding: 0;
  text-align: inherit;
  line-height: 0;
  padding: 12px;
}

.c2:focus {
  outline: none;
  box-shadow: 0 0 2px 2px #6FFFB0;
}

.c2:focus > circle,
.c2:focus > ellipse,
.c2:focus > line,
.c2:focus > path,
.c2:focus > polygon,
.c2:focus > polyline,
.c2:focus > rect {
  outline: none;
  box-shadow: 0 0 2px 2px #6FFFB0;
}

.c2:focus::-moz-focus-inner {
  border: 0;
}

.c2:focus:not(:focus-visible) {
  outline: none;
  box-shadow: none;
}

.c2:focus:not(:focus-visible) > circle,
.c2:focus:not(:focus-visible) > ellipse,
.c2:focus:not(:focus-visible) > line,
.c2:focus:not(:focus-visible) > path,
.c2:focus:not(:focus-visible) > polygon,
.c2:focus:not(:focus-visible) > polyline,
.c2:focus:not(:focus-visible) > rect {
  outline: none;
  box-shadow: none;
}

.c2:focus:not(:focus-visible)::-moz-focus-inner {
  border: 0;
}

.c0 {
  font-size: 18px;
  line-height: 24px;
  box-sizing: border-box;
  -webkit-text-size-adjust: 100%;
  -ms-text-size-adjust: 100%;
  -moz-osx-font-smoothing: grayscale;
  -webkit-font-smoothing: antialiased;
}

<div
  class="c0"
>
  <div
    class="c1"
    id="test-data"
  >
    <button
      aria-label="Open search"
      class="c2"
      id="test-data--search-control"
      type="button"
    >
      <svg
        aria-label="Search"
        class="c3"
        viewBox="0 0 24 24"
      >
        <path
          d="m15 15 7 7-7-7zm-5.5 2a7.5 7.5 0 1 0 0-15 7.5 7.5 0 0 0 0 15z"
          fill="none"
          stroke="#000"
          stroke-width="2"
        />
      </svg>
    </button>
  </div>
</div>
`;

exports[`DataSearch drop 2`] = `
<button
  aria-label="Open search"
  class="StyledButton-sc-323bzc-0 emhJYD"
  data-g-tabindex="none"
  id="test-data--search-control"
  tabindex="-1"
  type="button"
>
  <svg
    aria-label="Search"
    class="StyledIcon-sc-ofa7kd-0 jQvEgu"
    viewBox="0 0 24 24"
  >
    <path
      d="m15 15 7 7-7-7zm-5.5 2a7.5 7.5 0 1 0 0-15 7.5 7.5 0 0 0 0 15z"
      fill="none"
      stroke="#000"
      stroke-width="2"
    />
  </svg>
</button>
`;

exports[`DataSearch drop 3`] = `
"@media only screen and (max-width: 768px) {
  .drdMXk {
    height: 6px;
  }
}
@media only screen and (max-width: 768px) {
  .iISQcM {
    width: 12px;
  }
}
@media only screen and (max-width: 768px) {
  .evXIdU {
    margin: 0px;
  }
}
@media only screen and (max-width: 768px) {
  .evXIdU {
    font-size: 22px;
    line-height: 28px;
    max-width: 528px;
  }
}"
`;

exports[`DataSearch renders 1`] = `
.c8 {
  display: inline-block;
  -webkit-flex: 0 0 auto;
  -ms-flex: 0 0 auto;
  flex: 0 0 auto;
  width: 24px;
  height: 24px;
  fill: #666666;
  stroke: #666666;
}

.c8 g {
  fill: inherit;
  stroke: inherit;
}

.c8 *:not([stroke])[fill="none"] {
  stroke-width: 0;
}

.c8 *[stroke*="#"],
.c8 *[STROKE*="#"] {
  stroke: inherit;
  fill: none;
}

.c8 *[fill-rule],
.c8 *[FILL-RULE],
.c8 *[fill*="#"],
.c8 *[FILL*="#"] {
  fill: inherit;
  stroke: none;
}

.c1 {
  display: -webkit-box;
  display: -webkit-flex;
  display: -ms-flexbox;
  display: flex;
  box-sizing: border-box;
  max-width: 100%;
  min-width: 0;
  min-height: 0;
  -webkit-flex-direction: column;
  -ms-flex-direction: column;
  flex-direction: column;
  -webkit-flex: 0 0 auto;
  -ms-flex: 0 0 auto;
  flex: 0 0 auto;
}

.c3 {
  display: -webkit-box;
  display: -webkit-flex;
  display: -ms-flexbox;
  display: flex;
  box-sizing: border-box;
  max-width: 100%;
  -webkit-align-items: center;
  -webkit-box-align: center;
  -ms-flex-align: center;
  align-items: center;
  min-width: 0;
  min-height: 0;
  -webkit-flex-direction: row;
  -ms-flex-direction: row;
  flex-direction: row;
  -webkit-flex: 0 0 auto;
  -ms-flex: 0 0 auto;
  flex: 0 0 auto;
  -webkit-box-pack: justify;
  -webkit-justify-content: space-between;
  -ms-flex-pack: justify;
  justify-content: space-between;
}

.c5 {
  -webkit-flex: 0 0 auto;
  -ms-flex: 0 0 auto;
  flex: 0 0 auto;
  -webkit-align-self: stretch;
  -ms-flex-item-align: stretch;
  align-self: stretch;
  height: 12px;
}

.c11 {
  -webkit-flex: 0 0 auto;
  -ms-flex: 0 0 auto;
  flex: 0 0 auto;
  -webkit-align-self: stretch;
  -ms-flex-item-align: stretch;
  align-self: stretch;
  width: 24px;
}

.c10 {
  display: inline-block;
  box-sizing: border-box;
  cursor: pointer;
  font: inherit;
  -webkit-text-decoration: none;
  text-decoration: none;
  margin: 0;
  background: transparent;
  overflow: visible;
  text-transform: none;
  border: 2px solid #7D4CDB;
  border-radius: 18px;
  color: #444444;
  padding: 4px 22px;
  font-size: 18px;
  line-height: 24px;
  background-color: #7D4CDB;
  color: #f8f8f8;
  border-radius: 18px;
  -webkit-transition-property: color,background-color,border-color,box-shadow;
  transition-property: color,background-color,border-color,box-shadow;
  -webkit-transition-duration: 0.1s;
  transition-duration: 0.1s;
  -webkit-transition-timing-function: ease-in-out;
  transition-timing-function: ease-in-out;
}

.c10:hover {
  box-shadow: 0px 0px 0px 2px #7D4CDB;
}

.c10:focus {
  outline: none;
  box-shadow: 0 0 2px 2px #6FFFB0;
}

.c10:focus > circle,
.c10:focus > ellipse,
.c10:focus > line,
.c10:focus > path,
.c10:focus > polygon,
.c10:focus > polyline,
.c10:focus > rect {
  outline: none;
  box-shadow: 0 0 2px 2px #6FFFB0;
}

.c10:focus::-moz-focus-inner {
  border: 0;
}

.c10:focus:not(:focus-visible) {
  outline: none;
  box-shadow: none;
}

.c10:focus:not(:focus-visible) > circle,
.c10:focus:not(:focus-visible) > ellipse,
.c10:focus:not(:focus-visible) > line,
.c10:focus:not(:focus-visible) > path,
.c10:focus:not(:focus-visible) > polygon,
.c10:focus:not(:focus-visible) > polyline,
.c10:focus:not(:focus-visible) > rect {
  outline: none;
  box-shadow: none;
}

.c10:focus:not(:focus-visible)::-moz-focus-inner {
  border: 0;
}

.c12 {
  display: inline-block;
  box-sizing: border-box;
  cursor: pointer;
  font: inherit;
  -webkit-text-decoration: none;
  text-decoration: none;
  margin: 0;
  background: transparent;
  overflow: visible;
  text-transform: none;
  border: 2px solid #7D4CDB;
  border-radius: 18px;
  color: #444444;
  padding: 4px 22px;
  font-size: 18px;
  line-height: 24px;
  opacity: 0.3;
  cursor: default;
  -webkit-transition-property: color,background-color,border-color,box-shadow;
  transition-property: color,background-color,border-color,box-shadow;
  -webkit-transition-duration: 0.1s;
  transition-duration: 0.1s;
  -webkit-transition-timing-function: ease-in-out;
  transition-timing-function: ease-in-out;
}

.c12:focus {
  outline: none;
  box-shadow: 0 0 2px 2px #6FFFB0;
}

.c12:focus > circle,
.c12:focus > ellipse,
.c12:focus > line,
.c12:focus > path,
.c12:focus > polygon,
.c12:focus > polyline,
.c12:focus > rect {
  outline: none;
  box-shadow: 0 0 2px 2px #6FFFB0;
}

.c12:focus::-moz-focus-inner {
  border: 0;
}

.c12:focus:not(:focus-visible) {
  outline: none;
  box-shadow: none;
}

.c12:focus:not(:focus-visible) > circle,
.c12:focus:not(:focus-visible) > ellipse,
.c12:focus:not(:focus-visible) > line,
.c12:focus:not(:focus-visible) > path,
.c12:focus:not(:focus-visible) > polygon,
.c12:focus:not(:focus-visible) > polyline,
.c12:focus:not(:focus-visible) > rect {
  outline: none;
  box-shadow: none;
}

.c12:focus:not(:focus-visible)::-moz-focus-inner {
  border: 0;
}

.c9 {
  box-sizing: border-box;
  font-size: inherit;
  font-family: inherit;
  border: none;
  -webkit-appearance: none;
  background: transparent;
  color: inherit;
  width: 100%;
  padding: 11px;
  font-weight: 600;
  margin: 0;
  border: 1px solid rgba(0,0,0,0.33);
  border-radius: 4px;
  padding-left: 48px;
}

.c9:focus {
  outline: none;
  box-shadow: 0 0 2px 2px #6FFFB0;
}

.c9:focus > circle,
.c9:focus > ellipse,
.c9:focus > line,
.c9:focus > path,
.c9:focus > polygon,
.c9:focus > polyline,
.c9:focus > rect {
  outline: none;
  box-shadow: 0 0 2px 2px #6FFFB0;
}

.c9:focus::-moz-focus-inner {
  border: 0;
}

.c9::-webkit-input-placeholder {
  color: #AAAAAA;
}

.c9::-moz-placeholder {
  color: #AAAAAA;
}

.c9:-ms-input-placeholder {
  color: #AAAAAA;
}

.c9::-webkit-search-decoration {
  -webkit-appearance: none;
}

.c9::-moz-focus-inner {
  border: none;
  outline: none;
}

.c9:-moz-placeholder,
.c9::-moz-placeholder {
  opacity: 1;
}

.c6 {
  position: relative;
  width: 100%;
}

.c7 {
  position: absolute;
  display: -webkit-box;
  display: -webkit-flex;
  display: -ms-flexbox;
  display: flex;
  -webkit-box-packjustify: center;
  -webkit-justify: center;
  -ms-flex-packjustify: center;
  justify: center;
  top: 50%;
  -webkit-transform: translateY(-50%);
  -ms-transform: translateY(-50%);
  transform: translateY(-50%);
  pointer-events: none;
  left: 12px;
}

.c13 {
  opacity: 0;
}

.c2 {
  max-width: 100%;
}

.c4 {
  margin: 0px;
  font-size: 26px;
  line-height: 32px;
  max-width: 624px;
  font-weight: 600;
  overflow-wrap: break-word;
}

.c0 {
  font-size: 18px;
  line-height: 24px;
  box-sizing: border-box;
  -webkit-text-size-adjust: 100%;
  -ms-text-size-adjust: 100%;
  -moz-osx-font-smoothing: grayscale;
  -webkit-font-smoothing: antialiased;
}

@media only screen and (max-width:768px) {
  .c5 {
    height: 6px;
  }
}

@media only screen and (max-width:768px) {
  .c11 {
    width: 12px;
  }
}

@media only screen and (max-width:768px) {
  .c4 {
    margin: 0px;
  }
}

@media only screen and (max-width:768px) {
  .c4 {
    font-size: 22px;
    line-height: 28px;
    max-width: 528px;
  }
}

<div
  class="c0"
>
  <div
    class="c1"
    id="data"
  >
    <form
      class="c2"
    >
      <div
        class="c1"
      >
        <header
          class="c3"
        >
          <h2
            class="c4"
          >
            Filters
          </h2>
        </header>
        <div
          class="c5"
        />
        <div
          class="c6"
        >
          <div
            class="c7"
          >
            <svg
              aria-label="Search"
              class="c8"
              viewBox="0 0 24 24"
            >
              <path
                d="m15 15 7 7-7-7zm-5.5 2a7.5 7.5 0 1 0 0-15 7.5 7.5 0 0 0 0 15z"
                fill="none"
                stroke="#000"
                stroke-width="2"
              />
            </svg>
          </div>
          <input
            aria-label="Search data"
            autocomplete="off"
            class="c9"
            id="data--search"
            name="_search"
            type="search"
            value=""
          />
        </div>
        <div
          class="c5"
        />
        <footer
          class="c3"
        >
          <button
            class="c10"
            type="submit"
          >
            Apply filters
          </button>
          <div
            class="c11"
          />
          <button
            aria-hidden="true"
            class="c12 c13"
            disabled=""
            tabindex="-1"
            type="reset"
          >
            Undo changes
          </button>
        </footer>
      </div>
    </form>
  </div>
</div>
`;
